\BOOKMARK [1][-]{section.1}{\376\377\000T\000e\000c\000n\000o\000l\000o\000g\000i\000a\000\040\000d\000e\000i\000\040\000D\000B\000M\000S}{}% 1
\BOOKMARK [2][-]{subsection.1.1}{\376\377\000A\000r\000c\000h\000i\000t\000e\000t\000t\000u\000r\000a\000\040\000t\000r\000a\000n\000s\000a\000z\000i\000o\000n\000a\000l\000e\000\040\000d\000i\000\040\000u\000n\000\040\000D\000B\000M\000S}{section.1}% 2
\BOOKMARK [2][-]{subsection.1.2}{\376\377\000T\000r\000a\000n\000s\000a\000z\000i\000o\000n\000e}{section.1}% 3
\BOOKMARK [3][-]{subsubsection.1.2.1}{\376\377\000S\000i\000n\000t\000a\000s\000s\000i}{subsection.1.2}% 4
\BOOKMARK [3][-]{subsubsection.1.2.2}{\376\377\000P\000r\000o\000p\000r\000i\000e\000t\000\340\000\040\000d\000e\000l\000l\000e\000\040\000t\000r\000a\000n\000s\000a\000z\000i\000o\000n\000i}{subsection.1.2}% 5
\BOOKMARK [2][-]{subsection.1.3}{\376\377\000A\000r\000c\000h\000i\000t\000e\000t\000t\000u\000r\000a\000\040\000d\000i\000\040\000u\000n\000\040\000D\000B\000M\000S}{section.1}% 6
\BOOKMARK [3][-]{subsubsection.1.3.1}{\376\377\000V\000i\000s\000t\000a\000\040\000a\000d\000\040\000a\000l\000t\000o\000\040\000l\000i\000v\000e\000l\000l\000o}{subsection.1.3}% 7
\BOOKMARK [3][-]{subsubsection.1.3.2}{\376\377\000M\000o\000d\000u\000l\000o\000\040\000d\000i\000\040\000g\000e\000s\000t\000i\000o\000n\000e\000\040\000d\000e\000l\000l\000e\000\040\000t\000r\000a\000n\000s\000a\000z\000i\000o\000n\000i}{subsection.1.3}% 8
\BOOKMARK [1][-]{section.2}{\376\377\000L\000i\000n\000g\000u\000a\000g\000g\000i\000o\000\040\000d\000i\000\040\000i\000n\000t\000e\000r\000r\000o\000g\000a\000z\000i\000o\000n\000e\000\040\000S\000Q\000L}{}% 9
\BOOKMARK [2][-]{subsection.2.1}{\376\377\000P\000o\000s\000t\000g\000r\000e\000S\000Q\000L}{section.2}% 10
\BOOKMARK [2][-]{subsection.2.2}{\376\377\000F\000o\000n\000d\000a\000m\000e\000n\000t\000i\000\040\000d\000e\000l\000\040\000D\000D\000L}{section.2}% 11
\BOOKMARK [3][-]{subsubsection.2.2.1}{\376\377\000I\000d\000e\000n\000t\000i\000f\000i\000c\000a\000t\000o\000r\000i}{subsection.2.2}% 12
\BOOKMARK [3][-]{subsubsection.2.2.2}{\376\377\000D\000o\000m\000i\000n\000i\000\040\000e\000l\000e\000m\000e\000n\000t\000a\000r\000i}{subsection.2.2}% 13
\BOOKMARK [3][-]{subsubsection.2.2.3}{\376\377\000D\000o\000m\000i\000n\000i\000\040\000d\000e\000f\000i\000n\000i\000t\000i\000\040\000d\000a\000l\000l\000'\000u\000t\000e\000n\000t\000e}{subsection.2.2}% 14
\BOOKMARK [3][-]{subsubsection.2.2.4}{\376\377\000V\000i\000n\000c\000o\000l\000i\000\040\000i\000n\000t\000r\000a\000r\000e\000l\000a\000z\000i\000o\000n\000a\000l\000i}{subsection.2.2}% 15
\BOOKMARK [3][-]{subsubsection.2.2.5}{\376\377\000V\000i\000n\000c\000o\000l\000i\000\040\000i\000n\000t\000e\000r\000r\000e\000l\000a\000z\000i\000o\000n\000a\000l\000i}{subsection.2.2}% 16
\BOOKMARK [3][-]{subsubsection.2.2.6}{\376\377\000A\000z\000i\000o\000n\000i\000\040\000r\000e\000f\000e\000r\000e\000n\000z\000i\000a\000l\000i\000:\000\040\000O\000N\000\040\000D\000E\000L\000E\000T\000E\000\040\000e\000\040\000O\000N\000\040\000U\000P\000D\000A\000T\000E}{subsection.2.2}% 17
\BOOKMARK [2][-]{subsection.2.3}{\376\377\000C\000R\000E\000A\000T\000E\000\040\000T\000A\000B\000L\000E}{section.2}% 18
\BOOKMARK [2][-]{subsection.2.4}{\376\377\000M\000o\000d\000i\000f\000i\000c\000h\000e\000\040\000d\000e\000g\000l\000i\000\040\000s\000c\000h\000e\000m\000i}{section.2}% 19
\BOOKMARK [3][-]{subsubsection.2.4.1}{\376\377\000D\000R\000O\000P\000\040\000D\000O\000M\000A\000I\000N}{subsection.2.4}% 20
\BOOKMARK [3][-]{subsubsection.2.4.2}{\376\377\000D\000R\000O\000P\000\040\000T\000A\000B\000L\000E}{subsection.2.4}% 21
\BOOKMARK [3][-]{subsubsection.2.4.3}{\376\377\000A\000L\000T\000E\000R}{subsection.2.4}% 22
\BOOKMARK [2][-]{subsection.2.5}{\376\377\000C\000a\000n\000c\000e\000l\000l\000a\000z\000i\000o\000n\000e\000\040\000d\000a\000t\000i\000\040\000i\000n\000\040\000u\000n\000a\000\040\000t\000a\000b\000e\000l\000l\000a}{section.2}% 23
\BOOKMARK [2][-]{subsection.2.6}{\376\377\000I\000n\000s\000e\000r\000i\000m\000e\000n\000t\000o\000\040\000d\000a\000t\000i\000\040\000i\000n\000\040\000u\000n\000a\000\040\000t\000a\000b\000e\000l\000l\000a}{section.2}% 24
\BOOKMARK [3][-]{subsubsection.2.6.1}{\376\377\000A\000g\000g\000i\000o\000r\000n\000a\000m\000e\000n\000t\000o\000\040\000d\000a\000t\000i\000\040\000i\000n\000\040\000u\000n\000a\000\040\000t\000a\000b\000e\000l\000l\000a}{subsection.2.6}% 25
\BOOKMARK [2][-]{subsection.2.7}{\376\377\000S\000E\000L\000E\000C\000T}{section.2}% 26
\BOOKMARK [2][-]{subsection.2.8}{\376\377\000F\000R\000O\000M}{section.2}% 27
\BOOKMARK [2][-]{subsection.2.9}{\376\377\000W\000H\000E\000R\000E}{section.2}% 28
\BOOKMARK [3][-]{subsubsection.2.9.1}{\376\377\000L\000I\000K\000E}{subsection.2.9}% 29
\BOOKMARK [3][-]{subsubsection.2.9.2}{\376\377\000S\000I\000M\000I\000L\000A\000R\000\040\000T\000O}{subsection.2.9}% 30
\BOOKMARK [3][-]{subsubsection.2.9.3}{\376\377\000B\000E\000T\000W\000E\000E\000N}{subsection.2.9}% 31
\BOOKMARK [3][-]{subsubsection.2.9.4}{\376\377\000I\000N}{subsection.2.9}% 32
\BOOKMARK [3][-]{subsubsection.2.9.5}{\376\377\000I\000S\000\040\000N\000U\000L\000L}{subsection.2.9}% 33
\BOOKMARK [2][-]{subsection.2.10}{\376\377\000G\000e\000s\000t\000i\000o\000n\000e\000\040\000d\000e\000i\000\040\000d\000u\000p\000l\000i\000c\000a\000t\000i}{section.2}% 34
\BOOKMARK [2][-]{subsection.2.11}{\376\377\000J\000O\000I\000N}{section.2}% 35
\BOOKMARK [3][-]{subsubsection.2.11.1}{\376\377\000I\000N\000N\000E\000R\000\040\000J\000O\000I\000N}{subsection.2.11}% 36
\BOOKMARK [3][-]{subsubsection.2.11.2}{\376\377\000L\000E\000F\000T\000\040\000O\000U\000T\000E\000R\000\040\000J\000O\000I\000N}{subsection.2.11}% 37
\BOOKMARK [3][-]{subsubsection.2.11.3}{\376\377\000R\000I\000G\000H\000T\000\040\000O\000U\000T\000E\000R\000\040\000J\000O\000I\000N}{subsection.2.11}% 38
\BOOKMARK [3][-]{subsubsection.2.11.4}{\376\377\000F\000U\000L\000L\000\040\000O\000U\000T\000E\000R\000\040\000J\000O\000I\000N}{subsection.2.11}% 39
\BOOKMARK [2][-]{subsection.2.12}{\376\377\000U\000s\000o\000\040\000d\000i\000\040\000v\000a\000r\000i\000a\000b\000i\000l\000i\000\040\000\050\000a\000l\000i\000a\000s\000\051}{section.2}% 40
\BOOKMARK [2][-]{subsection.2.13}{\376\377\000O\000r\000d\000i\000n\000a\000m\000e\000n\000t\000o\000\040\000d\000e\000l\000\040\000r\000i\000s\000u\000l\000t\000a\000t\000o}{section.2}% 41
\BOOKMARK [2][-]{subsection.2.14}{\376\377\000O\000p\000e\000r\000a\000t\000o\000r\000i\000\040\000i\000n\000s\000i\000e\000m\000i\000s\000t\000i\000c\000i}{section.2}% 42
\BOOKMARK [2][-]{subsection.2.15}{\376\377\000O\000p\000e\000r\000a\000t\000o\000r\000i\000\040\000a\000g\000g\000r\000e\000g\000a\000t\000i}{section.2}% 43
\BOOKMARK [3][-]{subsubsection.2.15.1}{\376\377\000C\000O\000U\000N\000T}{subsection.2.15}% 44
\BOOKMARK [3][-]{subsubsection.2.15.2}{\376\377\000S\000U\000M}{subsection.2.15}% 45
\BOOKMARK [3][-]{subsubsection.2.15.3}{\376\377\000M\000A\000X\000/\000M\000I\000N}{subsection.2.15}% 46
\BOOKMARK [3][-]{subsubsection.2.15.4}{\376\377\000A\000V\000G}{subsection.2.15}% 47
\BOOKMARK [2][-]{subsection.2.16}{\376\377\000I\000n\000t\000e\000r\000r\000o\000g\000a\000z\000i\000o\000n\000i\000\040\000c\000o\000n\000\040\000r\000a\000g\000g\000r\000u\000p\000p\000a\000m\000e\000n\000t\000o}{section.2}% 48
\BOOKMARK [3][-]{subsubsection.2.16.1}{\376\377\000H\000A\000V\000I\000N\000G}{subsection.2.16}% 49
\BOOKMARK [2][-]{subsection.2.17}{\376\377\000I\000n\000t\000e\000r\000r\000o\000g\000a\000z\000i\000o\000n\000i\000\040\000n\000i\000d\000i\000f\000i\000c\000a\000t\000e}{section.2}% 50
\BOOKMARK [3][-]{subsubsection.2.17.1}{\376\377\000W\000H\000E\000R\000E}{subsection.2.17}% 51
\BOOKMARK [3][-]{subsubsection.2.17.2}{\376\377\000B\000i\000n\000d\000i\000n\000g\000\040\000e\000\040\000E\000X\000I\000S\000T\000S}{subsection.2.17}% 52
\BOOKMARK [3][-]{subsubsection.2.17.3}{\376\377\000I\000n\000t\000e\000r\000r\000o\000g\000a\000z\000i\000o\000n\000i\000\040\000n\000i\000d\000i\000f\000i\000c\000a\000t\000e\000\040\000n\000e\000l\000l\000a\000\040\000c\000l\000a\000u\000s\000o\000l\000a\000\040\000S\000E\000L\000E\000C\000T}{subsection.2.17}% 53
\BOOKMARK [3][-]{subsubsection.2.17.4}{\376\377\000I\000n\000t\000e\000r\000r\000o\000g\000a\000z\000i\000o\000n\000i\000\040\000n\000i\000d\000i\000f\000i\000c\000a\000t\000e\000\040\000n\000e\000l\000l\000a\000\040\000c\000l\000a\000u\000s\000o\000l\000a\000\040\000F\000R\000O\000M}{subsection.2.17}% 54
\BOOKMARK [3][-]{subsubsection.2.17.5}{\376\377\000E\000s\000e\000r\000c\000i\000z\000i}{subsection.2.17}% 55
\BOOKMARK [2][-]{subsection.2.18}{\376\377\000V\000i\000s\000t\000e}{section.2}% 56
\BOOKMARK [2][-]{subsection.2.19}{\376\377\000I\000n\000d\000i\000c\000i\000\040\000e\000\040\000p\000i\000a\000n\000i\000\040\000d\000i\000\040\000e\000s\000e\000c\000u\000z\000i\000o\000n\000e\000\040\000i\000n\000\040\000P\000o\000s\000t\000g\000r\000e\000S\000Q\000L}{section.2}% 57
\BOOKMARK [3][-]{subsubsection.2.19.1}{\376\377\000C\000r\000e\000a\000z\000i\000o\000n\000e\000\040\000d\000e\000g\000l\000i\000\040\000i\000n\000d\000i\000c\000i}{subsection.2.19}% 58
\BOOKMARK [3][-]{subsubsection.2.19.2}{\376\377\000E\000X\000P\000L\000A\000I\000N\000\040\000e\000\040\000E\000X\000P\000L\000A\000I\000N\000\040\000A\000N\000A\000L\000Y\000Z\000E}{subsection.2.19}% 59
\BOOKMARK [1][-]{section.3}{\376\377\000S\000t\000r\000u\000t\000t\000u\000r\000e\000\040\000f\000i\000s\000i\000c\000h\000e\000\040\000e\000\040\000s\000t\000r\000u\000t\000t\000u\000r\000e\000\040\000d\000i\000\040\000a\000c\000c\000e\000s\000s\000o\000\040\000a\000i\000\040\000d\000a\000t\000i}{}% 60
\BOOKMARK [2][-]{subsection.3.1}{\376\377\000G\000e\000s\000t\000o\000r\000e\000\040\000d\000e\000i\000\040\000b\000u\000f\000f\000e\000r}{section.3}% 61
\BOOKMARK [3][-]{subsubsection.3.1.1}{\376\377\000B\000u\000f\000f\000e\000r}{subsection.3.1}% 62
\BOOKMARK [3][-]{subsubsection.3.1.2}{\376\377\000P\000o\000l\000i\000t\000i\000c\000a\000\040\000d\000i\000\040\000g\000e\000s\000t\000i\000o\000n\000e\000\040\000d\000e\000l\000l\000a\000\040\000m\000e\000m\000o\000r\000i\000a}{subsection.3.1}% 63
\BOOKMARK [3][-]{subsubsection.3.1.3}{\376\377\000G\000e\000s\000t\000i\000o\000n\000e\000\040\000d\000e\000l\000l\000e\000\040\000p\000a\000g\000i\000n\000e}{subsection.3.1}% 64
\BOOKMARK [3][-]{subsubsection.3.1.4}{\376\377\000P\000r\000i\000m\000i\000t\000i\000v\000e\000\040\000p\000e\000r\000\040\000l\000a\000\040\000g\000e\000s\000t\000i\000o\000n\000e\000\040\000d\000e\000l\000\040\000b\000u\000f\000f\000e\000r}{subsection.3.1}% 65
\BOOKMARK [3][-]{subsubsection.3.1.5}{\376\377\000P\000o\000l\000i\000t\000i\000c\000h\000e\000\040\000d\000i\000\040\000g\000e\000s\000t\000i\000o\000n\000e\000\040\000d\000e\000l\000l\000e\000\040\000p\000a\000g\000i\000n\000e\000\040\000s\000p\000o\000r\000c\000h\000e}{subsection.3.1}% 66
\BOOKMARK [2][-]{subsection.3.2}{\376\377\000G\000e\000s\000t\000o\000r\000e\000\040\000d\000e\000l\000l\000'\000a\000f\000f\000i\000d\000a\000b\000i\000l\000i\000t\000\340}{section.3}% 67
\BOOKMARK [3][-]{subsubsection.3.2.1}{\376\377\000F\000i\000l\000e\000\040\000d\000i\000\040\000l\000o\000g}{subsection.3.2}% 68
\BOOKMARK [3][-]{subsubsection.3.2.2}{\376\377\000R\000e\000g\000o\000l\000e\000\040\000d\000i\000\040\000s\000c\000r\000i\000t\000t\000u\000r\000a\000\040\000s\000u\000l\000\040\000f\000i\000l\000e\000\040\000d\000i\000\040\000l\000o\000g}{subsection.3.2}% 69
\BOOKMARK [3][-]{subsubsection.3.2.3}{\376\377\000G\000u\000a\000s\000t\000i}{subsection.3.2}% 70
\BOOKMARK [2][-]{subsection.3.3}{\376\377\000G\000e\000s\000t\000o\000r\000e\000\040\000d\000e\000i\000\040\000m\000e\000t\000o\000d\000i\000\040\000d\000i\000\040\000a\000c\000c\000e\000s\000s\000o}{section.3}% 71
\BOOKMARK [3][-]{subsubsection.3.3.1}{\376\377\000M\000e\000t\000o\000d\000i\000\040\000d\000i\000\040\000a\000c\000c\000e\000s\000s\000o}{subsection.3.3}% 72
\BOOKMARK [3][-]{subsubsection.3.3.2}{\376\377\000O\000r\000g\000a\000n\000i\000z\000z\000a\000z\000i\000o\000n\000e\000\040\000d\000i\000\040\000u\000n\000a\000\040\000p\000a\000g\000i\000n\000a}{subsection.3.3}% 73
\BOOKMARK [3][-]{subsubsection.3.3.3}{\376\377\000O\000p\000e\000r\000a\000z\000i\000o\000n\000i\000\040\000s\000u\000l\000l\000e\000\040\000p\000a\000g\000i\000n\000e}{subsection.3.3}% 74
\BOOKMARK [3][-]{subsubsection.3.3.4}{\376\377\000S\000t\000r\000u\000t\000t\000u\000r\000e\000\040\000p\000r\000i\000m\000a\000r\000i\000e\000\040\000p\000e\000r\000\040\000l\000'\000o\000r\000g\000a\000n\000i\000z\000z\000a\000z\000i\000o\000n\000e\000\040\000d\000i\000\040\000f\000i\000l\000e}{subsection.3.3}% 75
\BOOKMARK [3][-]{subsubsection.3.3.5}{\376\377\000S\000t\000r\000u\000t\000t\000u\000r\000a\000\040\000s\000e\000q\000u\000e\000n\000z\000i\000a\000l\000e}{subsection.3.3}% 76
\BOOKMARK [3][-]{subsubsection.3.3.6}{\376\377\000I\000n\000d\000i\000c\000i}{subsection.3.3}% 77
\BOOKMARK [3][-]{subsubsection.3.3.7}{\376\377\000S\000t\000r\000u\000t\000t\000u\000r\000a\000\040\000a\000d\000\040\000a\000l\000b\000e\000r\000o}{subsection.3.3}% 78
\BOOKMARK [3][-]{subsubsection.3.3.8}{\376\377\000S\000t\000r\000u\000t\000t\000u\000r\000a\000\040\000a\000d\000\040\000a\000c\000c\000e\000s\000s\000o\000\040\000c\000a\000l\000c\000o\000l\000a\000t\000o\000\040\000\050\000h\000a\000s\000h\000\051}{subsection.3.3}% 79
\BOOKMARK [3][-]{subsubsection.3.3.9}{\376\377\000C\000o\000l\000l\000i\000s\000i\000o\000n\000i}{subsection.3.3}% 80
\BOOKMARK [3][-]{subsubsection.3.3.10}{\376\377\000C\000o\000n\000f\000r\000o\000n\000t\000o\000\040\000t\000r\000a\000\040\000h\000a\000s\000h\000\040\000e\000\040\000B\000+\000-\000t\000r\000e\000e}{subsection.3.3}% 81
\BOOKMARK [1][-]{section.4}{\376\377\000T\000r\000a\000n\000s\000a\000z\000i\000o\000n\000i\000\040\000c\000o\000n\000c\000o\000r\000r\000e\000n\000t\000i}{}% 82
\BOOKMARK [2][-]{subsection.4.1}{\376\377\000A\000n\000o\000m\000a\000l\000i\000e}{section.4}% 83
\BOOKMARK [3][-]{subsubsection.4.1.1}{\376\377\000P\000e\000r\000d\000i\000t\000a\000\040\000d\000i\000\040\000a\000g\000g\000i\000o\000r\000n\000a\000m\000e\000n\000t\000o}{subsection.4.1}% 84
\BOOKMARK [3][-]{subsubsection.4.1.2}{\376\377\000L\000e\000t\000t\000u\000r\000a\000\040\000i\000n\000c\000o\000n\000s\000i\000s\000t\000e\000n\000t\000e}{subsection.4.1}% 85
\BOOKMARK [3][-]{subsubsection.4.1.3}{\376\377\000L\000e\000t\000t\000u\000r\000a\000\040\000s\000p\000o\000r\000c\000a}{subsection.4.1}% 86
\BOOKMARK [3][-]{subsubsection.4.1.4}{\376\377\000A\000g\000g\000i\000o\000r\000n\000a\000m\000e\000n\000t\000o\000\040\000f\000a\000n\000t\000a\000s\000m\000a}{subsection.4.1}% 87
\BOOKMARK [3][-]{subsubsection.4.1.5}{\376\377\000I\000n\000s\000e\000r\000i\000m\000e\000n\000t\000o\000\040\000f\000a\000n\000t\000a\000s\000m\000a}{subsection.4.1}% 88
\BOOKMARK [2][-]{subsection.4.2}{\376\377\000S\000c\000h\000e\000d\000u\000l\000e}{section.4}% 89
\BOOKMARK [3][-]{subsubsection.4.2.1}{\376\377\000S\000c\000h\000e\000d\000u\000l\000e\000\040\000s\000e\000r\000i\000a\000l\000e}{subsection.4.2}% 90
\BOOKMARK [2][-]{subsection.4.3}{\376\377\000T\000e\000c\000n\000i\000c\000h\000e\000\040\000d\000i\000\040\000g\000e\000s\000t\000i\000o\000n\000e\000\040\000d\000e\000l\000l\000a\000\040\000c\000o\000n\000c\000o\000r\000r\000e\000n\000z\000a}{section.4}% 91
\BOOKMARK [3][-]{subsubsection.4.3.1}{\376\377\000V\000i\000e\000w\000-\000e\000q\000u\000i\000v\000a\000l\000e\000n\000z\000a}{subsection.4.3}% 92
\BOOKMARK [3][-]{subsubsection.4.3.2}{\376\377\000C\000o\000n\000f\000l\000i\000c\000t\000-\000e\000q\000u\000i\000v\000a\000l\000e\000n\000z\000a}{subsection.4.3}% 93
\BOOKMARK [3][-]{subsubsection.4.3.3}{\376\377\000L\000o\000c\000k\000i\000n\000g\000\040\000a\000\040\000d\000u\000e\000\040\000f\000a\000s\000i}{subsection.4.3}% 94
\BOOKMARK [3][-]{subsubsection.4.3.4}{\376\377\000B\000l\000o\000c\000c\000o\000\040\000c\000r\000i\000t\000i\000c\000o\000\040\000\050\000d\000e\000a\000d\000l\000o\000c\000k\000\051}{subsection.4.3}% 95
\BOOKMARK [3][-]{subsubsection.4.3.5}{\376\377\000G\000e\000s\000t\000i\000o\000n\000e\000\040\000d\000e\000l\000l\000a\000\040\000c\000o\000n\000c\000o\000r\000r\000e\000n\000z\000a\000\040\000i\000n\000\040\000S\000Q\000L}{subsection.4.3}% 96
\BOOKMARK [1][-]{section.5}{\376\377\000O\000t\000t\000i\000m\000i\000z\000z\000a\000z\000i\000o\000n\000e}{}% 97
\BOOKMARK [2][-]{subsection.5.1}{\376\377\000C\000o\000m\000p\000i\000l\000a\000z\000i\000o\000n\000e\000\040\000d\000e\000l\000l\000a\000\040\000q\000u\000e\000r\000y}{section.5}% 98
\BOOKMARK [2][-]{subsection.5.2}{\376\377\000O\000t\000t\000i\000m\000i\000z\000z\000a\000z\000i\000o\000n\000e\000\040\000d\000i\000p\000e\000n\000d\000e\000n\000t\000e\000\040\000d\000a\000i\000\040\000m\000e\000t\000o\000d\000i\000\040\000d\000i\000\040\000a\000c\000c\000e\000s\000s\000o}{section.5}% 99
\BOOKMARK [3][-]{subsubsection.5.2.1}{\376\377\000S\000c\000a\000n\000s\000i\000o\000n\000e\000\040\000s\000e\000q\000u\000e\000n\000z\000i\000a\000l\000e}{subsection.5.2}% 100
\BOOKMARK [3][-]{subsubsection.5.2.2}{\376\377\000O\000r\000d\000i\000n\000a\000m\000e\000n\000t\000o}{subsection.5.2}% 101
\BOOKMARK [3][-]{subsubsection.5.2.3}{\376\377\000A\000c\000c\000e\000s\000s\000o\000\040\000d\000i\000r\000e\000t\000t\000o\000\040\000t\000r\000a\000m\000i\000t\000e\000\040\000i\000n\000d\000i\000c\000e}{subsection.5.2}% 102
\BOOKMARK [3][-]{subsubsection.5.2.4}{\376\377\000J\000o\000i\000n}{subsection.5.2}% 103
\BOOKMARK [2][-]{subsection.5.3}{\376\377\000S\000c\000e\000l\000t\000a\000\040\000d\000e\000l\000\040\000p\000i\000a\000n\000o\000\040\000d\000i\000\040\000e\000s\000e\000c\000u\000z\000i\000o\000n\000e}{section.5}% 104
\BOOKMARK [2][-]{subsection.5.4}{\376\377\000R\000i\000e\000p\000i\000l\000o\000g\000o\000\040\000d\000e\000i\000\040\000c\000o\000s\000t\000i}{section.5}% 105
\BOOKMARK [3][-]{subsubsection.5.4.1}{\376\377\000E\000s\000e\000r\000c\000i\000z\000i}{subsection.5.4}% 106
\BOOKMARK [1][-]{section.6}{\376\377\000M\000o\000n\000g\000o\000D\000B}{}% 107
\BOOKMARK [2][-]{subsection.6.1}{\376\377\000R\000e\000p\000l\000i\000c\000a\000z\000i\000o\000n\000e}{section.6}% 108
\BOOKMARK [3][-]{subsubsection.6.1.1}{\376\377\000A\000l\000g\000o\000r\000i\000t\000m\000o\000\040\000d\000i\000\040\000e\000l\000e\000z\000i\000o\000n\000e\000\040\000R\000a\000f\000t}{subsection.6.1}% 109
\BOOKMARK [3][-]{subsubsection.6.1.2}{\376\377\000O\000p\000l\000o\000g}{subsection.6.1}% 110
\BOOKMARK [3][-]{subsubsection.6.1.3}{\376\377\000R\000e\000p\000l\000i\000c\000a\000z\000i\000o\000n\000e\000\040\000d\000e\000l\000l\000e\000\040\000s\000c\000r\000i\000t\000t\000u\000r\000e}{subsection.6.1}% 111
\BOOKMARK [3][-]{subsubsection.6.1.4}{\376\377\000R\000e\000p\000l\000i\000c\000a\000z\000i\000o\000n\000e\000\040\000d\000e\000l\000l\000e\000\040\000l\000e\000t\000t\000u\000r\000e}{subsection.6.1}% 112
\BOOKMARK [2][-]{subsection.6.2}{\376\377\000A\000r\000c\000h\000i\000t\000e\000t\000t\000u\000r\000a\000\040\000d\000e\000i\000\040\000r\000e\000p\000l\000i\000c\000a\000\040\000s\000e\000t}{section.6}% 113
\BOOKMARK [2][-]{subsection.6.3}{\376\377\000S\000h\000a\000r\000d\000i\000n\000g}{section.6}% 114
\BOOKMARK [3][-]{subsubsection.6.3.1}{\376\377\000A\000r\000c\000h\000i\000t\000e\000t\000t\000u\000r\000a\000\040\000d\000e\000l\000l\000o\000\040\000s\000h\000a\000r\000d\000i\000n\000g}{subsection.6.3}% 115
\BOOKMARK [3][-]{subsubsection.6.3.2}{\376\377\000B\000a\000l\000a\000n\000c\000e\000r}{subsection.6.3}% 116
\BOOKMARK [2][-]{subsection.6.4}{\376\377\000I\000n\000t\000e\000r\000r\000o\000g\000a\000z\000i\000o\000n\000i\000\040\000i\000n\000\040\000p\000r\000e\000s\000e\000n\000z\000a\000\040\000d\000i\000\040\000s\000h\000a\000r\000e\000d\000\040\000d\000a\000t\000a}{section.6}% 117
\BOOKMARK [3][-]{subsubsection.6.4.1}{\376\377\000P\000r\000o\000p\000r\000i\000e\000t\000\340\000\040\000A\000C\000I\000D}{subsection.6.4}% 118
\BOOKMARK [1][-]{section.7}{\376\377\000E\000s\000e\000r\000c\000i\000z\000i}{}% 119
\BOOKMARK [2][-]{subsection.7.1}{\376\377\000Q\000u\000e\000r\000y}{section.7}% 120
\BOOKMARK [3][-]{subsubsection.7.1.1}{\376\377\000E\000s\000e\000r\000c\000i\000z\000i\000o\000\040\0001}{subsection.7.1}% 121
\BOOKMARK [3][-]{subsubsection.7.1.2}{\376\377\000E\000s\000e\000r\000c\000i\000z\000i\000o\000\040\0002}{subsection.7.1}% 122
\BOOKMARK [3][-]{subsubsection.7.1.3}{\376\377\000E\000s\000e\000r\000c\000i\000z\000i\000o\000\040\0003}{subsection.7.1}% 123
