\BOOKMARK [1][-]{section.1}{\376\377\000I\000n\000t\000r\000o\000d\000u\000z\000i\000o\000n\000e}{}% 1
\BOOKMARK [1][-]{section.2}{\376\377\000S\000i\000s\000t\000e\000m\000a\000\040\000i\000n\000f\000o\000r\000m\000a\000t\000i\000v\000o}{}% 2
\BOOKMARK [2][-]{subsection.2.1}{\376\377\000B\000a\000s\000e\000\040\000d\000i\000\040\000d\000a\000t\000i}{section.2}% 3
\BOOKMARK [3][-]{subsubsection.2.1.1}{\376\377\000M\000o\000d\000e\000l\000l\000o\000\040\000d\000e\000i\000\040\000d\000a\000t\000i}{subsection.2.1}% 4
\BOOKMARK [1][-]{section.3}{\376\377\000P\000r\000o\000g\000e\000t\000t\000a\000z\000i\000o\000n\000e\000\040\000d\000i\000\040\000u\000n\000a\000\040\000b\000a\000s\000e\000\040\000d\000i\000\040\000d\000a\000t\000i}{}% 5
\BOOKMARK [2][-]{subsection.3.1}{\376\377\000P\000r\000o\000g\000e\000t\000t\000a\000z\000i\000o\000n\000e\000\040\000d\000e\000i\000\040\000d\000a\000t\000i}{section.3}% 6
\BOOKMARK [2][-]{subsection.3.2}{\376\377\000R\000e\000q\000u\000i\000s\000i\000t\000i}{section.3}% 7
\BOOKMARK [3][-]{subsubsection.3.2.1}{\376\377\000P\000r\000o\000g\000e\000t\000t\000a\000z\000i\000o\000n\000e\000\040\000c\000o\000n\000c\000e\000t\000t\000u\000a\000l\000e}{subsection.3.2}% 8
\BOOKMARK [3][-]{subsubsection.3.2.2}{\376\377\000P\000r\000o\000g\000e\000t\000t\000a\000z\000i\000o\000n\000e\000\040\000l\000o\000g\000i\000c\000a}{subsection.3.2}% 9
\BOOKMARK [3][-]{subsubsection.3.2.3}{\376\377\000P\000r\000o\000g\000e\000t\000t\000a\000z\000i\000o\000n\000e\000\040\000f\000i\000s\000i\000c\000a}{subsection.3.2}% 10
\BOOKMARK [2][-]{subsection.3.3}{\376\377\000S\000t\000r\000a\000t\000e\000g\000i\000e\000\040\000d\000i\000\040\000p\000r\000o\000g\000e\000t\000t\000a\000z\000i\000o\000n\000e}{section.3}% 11
\BOOKMARK [3][-]{subsubsection.3.3.1}{\376\377\000A\000n\000a\000l\000i\000s\000i\000\040\000d\000i\000\040\000q\000u\000a\000l\000i\000t\000\340\000\040\000d\000e\000l\000l\000o\000\040\000s\000h\000e\000m\000a}{subsection.3.3}% 12
\BOOKMARK [1][-]{section.4}{\376\377\000P\000r\000o\000g\000e\000t\000t\000a\000z\000i\000o\000n\000e\000\040\000C\000o\000n\000c\000e\000t\000t\000u\000a\000l\000e}{}% 13
\BOOKMARK [2][-]{subsection.4.1}{\376\377\000E\000n\000t\000i\000t\000\340}{section.4}% 14
\BOOKMARK [3][-]{subsubsection.4.1.1}{\376\377\000I\000s\000t\000a\000n\000z\000a}{subsection.4.1}% 15
\BOOKMARK [2][-]{subsection.4.2}{\376\377\000R\000e\000l\000a\000z\000i\000o\000n\000e}{section.4}% 16
\BOOKMARK [3][-]{subsubsection.4.2.1}{\376\377\000I\000s\000t\000a\000n\000z\000a}{subsection.4.2}% 17
\BOOKMARK [3][-]{subsubsection.4.2.2}{\376\377\000R\000e\000l\000a\000z\000i\000o\000n\000e\000\040\000r\000i\000c\000o\000r\000s\000i\000v\000a}{subsection.4.2}% 18
\BOOKMARK [2][-]{subsection.4.3}{\376\377\000A\000t\000t\000r\000i\000b\000u\000t\000o}{section.4}% 19
\BOOKMARK [3][-]{subsubsection.4.3.1}{\376\377\000A\000t\000t\000r\000i\000b\000u\000t\000o\000\040\000o\000p\000z\000i\000o\000n\000a\000l\000e\000\040\000e\000\040\000m\000u\000l\000t\000i\000v\000a\000l\000o\000r\000e}{subsection.4.3}% 20
\BOOKMARK [3][-]{subsubsection.4.3.2}{\376\377\000A\000t\000t\000r\000i\000b\000u\000t\000o\000\040\000c\000o\000m\000p\000o\000s\000t\000o}{subsection.4.3}% 21
\BOOKMARK [2][-]{subsection.4.4}{\376\377\000I\000d\000e\000n\000t\000i\000f\000i\000c\000a\000t\000o\000r\000e}{section.4}% 22
\BOOKMARK [2][-]{subsection.4.5}{\376\377\000C\000a\000r\000d\000i\000n\000a\000l\000i\000t\000\340}{section.4}% 23
\BOOKMARK [3][-]{subsubsection.4.5.1}{\376\377\000V\000a\000l\000o\000r\000i\000\040\000p\000o\000s\000s\000i\000b\000i\000l\000i\000\040\000p\000e\000r\000\040\000M\000I\000N\000\137\000i}{subsection.4.5}% 24
\BOOKMARK [3][-]{subsubsection.4.5.2}{\376\377\000V\000a\000l\000o\000r\000i\000\040\000p\000o\000s\000s\000i\000b\000i\000l\000i\000\040\000p\000e\000r\000\040\000M\000A\000X\000\137\000i}{subsection.4.5}% 25
\BOOKMARK [2][-]{subsection.4.6}{\376\377\000G\000e\000n\000e\000r\000a\000l\000i\000z\000z\000a\000z\000i\000o\000n\000e\000\040\000d\000i\000\040\000e\000n\000t\000i\000t\000\340}{section.4}% 26
\BOOKMARK [3][-]{subsubsection.4.6.1}{\376\377\000P\000r\000o\000p\000r\000i\000e\000t\000\340\000\040\000d\000e\000l\000l\000e\000\040\000i\000s\000t\000a\000n\000z\000e\000\040\000g\000e\000n\000e\000r\000a\000l\000i\000z\000z\000a\000t\000e}{subsection.4.6}% 27
\BOOKMARK [3][-]{subsubsection.4.6.2}{\376\377\000C\000l\000a\000s\000s\000i\000f\000i\000c\000a\000z\000i\000o\000n\000e\000\040\000d\000e\000l\000l\000e\000\040\000g\000e\000n\000e\000r\000a\000l\000i\000z\000z\000a\000z\000i\000o\000n\000i}{subsection.4.6}% 28
\BOOKMARK [3][-]{subsubsection.4.6.3}{\376\377\000R\000e\000l\000a\000z\000i\000o\000n\000i\000\040\000t\000e\000r\000n\000a\000r\000i\000e}{subsection.4.6}% 29
\BOOKMARK [1][-]{section.5}{\376\377\000P\000r\000o\000g\000e\000t\000t\000a\000z\000i\000o\000n\000e\000\040\000l\000o\000g\000i\000c\000a}{}% 30
\BOOKMARK [2][-]{subsection.5.1}{\376\377\000M\000o\000d\000e\000l\000l\000o\000\040\000r\000e\000l\000a\000z\000i\000o\000n\000a\000l\000e}{section.5}% 31
\BOOKMARK [2][-]{subsection.5.2}{\376\377\000D\000o\000m\000i\000n\000i\000\040\000d\000i\000\040\000b\000a\000s\000e}{section.5}% 32
\BOOKMARK [2][-]{subsection.5.3}{\376\377\000R\000e\000l\000a\000z\000i\000o\000n\000e}{section.5}% 33
\BOOKMARK [3][-]{subsubsection.5.3.1}{\376\377\000A\000c\000c\000e\000s\000s\000o\000\040\000a\000i\000\040\000v\000a\000l\000o\000r\000i\000\040\000d\000i\000\040\000u\000n\000a\000\040\000e\000n\000n\000u\000p\000l\000a}{subsection.5.3}% 34
\BOOKMARK [2][-]{subsection.5.4}{\376\377\000P\000r\000o\000g\000e\000t\000t\000a\000z\000i\000o\000n\000e\000\040\000n\000e\000l\000\040\000m\000o\000d\000e\000l\000l\000o\000\040\000r\000e\000l\000a\000z\000i\000o\000n\000a\000l\000e}{section.5}% 35
\BOOKMARK [3][-]{subsubsection.5.4.1}{\376\377\000P\000r\000o\000g\000e\000t\000t\000a\000z\000i\000o\000n\000e\000\040\000d\000e\000i\000\040\000d\000a\000t\000i}{subsection.5.4}% 36
\BOOKMARK [3][-]{subsubsection.5.4.2}{\376\377\000R\000e\000l\000a\000z\000i\000o\000n\000e\000\040\000u\000n\000i\000c\000a}{subsection.5.4}% 37
\BOOKMARK [3][-]{subsubsection.5.4.3}{\376\377\000A\000n\000o\000m\000a\000l\000i\000e}{subsection.5.4}% 38
\BOOKMARK [3][-]{subsubsection.5.4.4}{\376\377\000D\000e\000c\000o\000m\000p\000o\000s\000i\000z\000i\000o\000n\000e\000\040\000d\000e\000l\000l\000a\000\040\000r\000e\000l\000a\000z\000i\000o\000n\000e\000\040\000u\000n\000i\000c\000a}{subsection.5.4}% 39
\BOOKMARK [3][-]{subsubsection.5.4.5}{\376\377\000P\000r\000o\000p\000r\000i\000e\000t\000\340\000\040\000d\000e\000l\000\040\000m\000o\000d\000e\000l\000l\000o\000\040\000r\000e\000l\000a\000z\000i\000o\000n\000a\000l\000e}{subsection.5.4}% 40
\BOOKMARK [3][-]{subsubsection.5.4.6}{\376\377\000T\000e\000r\000m\000i\000n\000o\000l\000o\000g\000i\000a}{subsection.5.4}% 41
\BOOKMARK [2][-]{subsection.5.5}{\376\377\000V\000a\000l\000o\000r\000i\000\040\000n\000u\000l\000l\000i}{section.5}% 42
\BOOKMARK [3][-]{subsubsection.5.5.1}{\376\377\000O\000s\000s\000e\000r\000v\000a\000z\000i\000o\000n\000i}{subsection.5.5}% 43
\BOOKMARK [2][-]{subsection.5.6}{\376\377\000V\000i\000n\000c\000o\000l\000i\000\040\000d\000i\000\040\000i\000n\000t\000e\000g\000r\000i\000t\000\340}{section.5}% 44
\BOOKMARK [3][-]{subsubsection.5.6.1}{\376\377\000C\000l\000a\000s\000s\000i\000f\000i\000c\000a\000z\000i\000o\000n\000e}{subsection.5.6}% 45
\BOOKMARK [3][-]{subsubsection.5.6.2}{\376\377\000V\000i\000n\000c\000o\000l\000i\000\040\000d\000i\000\040\000d\000o\000m\000i\000n\000i\000o}{subsection.5.6}% 46
\BOOKMARK [3][-]{subsubsection.5.6.3}{\376\377\000V\000i\000n\000c\000o\000l\000i\000\040\000d\000i\000\040\000t\000u\000p\000l\000a}{subsection.5.6}% 47
\BOOKMARK [3][-]{subsubsection.5.6.4}{\376\377\000V\000i\000n\000c\000o\000l\000i\000\040\000d\000i\000\040\000i\000n\000t\000r\000a\000r\000e\000l\000a\000z\000i\000o\000n\000a\000l\000i}{subsection.5.6}% 48
\BOOKMARK [3][-]{subsubsection.5.6.5}{\376\377\000V\000i\000n\000c\000o\000l\000i\000\040\000i\000n\000t\000e\000r\000r\000e\000l\000a\000z\000i\000o\000n\000a\000l\000i}{subsection.5.6}% 49
\BOOKMARK [3][-]{subsubsection.5.6.6}{\376\377\000N\000o\000t\000a\000z\000i\000o\000n\000e\000\040\000p\000e\000r\000\040\000i\000n\000d\000i\000c\000a\000r\000e\000\040\000i\000\040\000v\000i\000n\000c\000o\000l\000i\000\040\000s\000t\000r\000u\000t\000t\000u\000r\000a\000l\000i}{subsection.5.6}% 50
\BOOKMARK [2][-]{subsection.5.7}{\376\377\000P\000r\000o\000g\000e\000t\000t\000a\000z\000i\000o\000n\000e\000\040\000l\000o\000g\000i\000c\000a\000\040\000d\000a\000l\000l\000o\000\040\000s\000c\000h\000e\000m\000a\000\040\000c\000o\000n\000c\000e\000t\000t\000u\000a\000l\000e}{section.5}% 51
\BOOKMARK [3][-]{subsubsection.5.7.1}{\376\377\000R\000i\000s\000t\000r\000u\000t\000t\000u\000r\000a\000z\000i\000o\000n\000e\000\040\000d\000e\000l\000l\000o\000\040\000s\000c\000h\000e\000m\000a\000\040\000c\000o\000n\000c\000e\000t\000t\000u\000a\000l\000e}{subsection.5.7}% 52
\BOOKMARK [3][-]{subsubsection.5.7.2}{\376\377\000T\000r\000a\000d\000u\000z\000i\000o\000n\000e\000\040\000n\000e\000l\000\040\000m\000o\000d\000e\000l\000l\000o\000\040\000l\000o\000g\000i\000c\000o}{subsection.5.7}% 53
\BOOKMARK [1][-]{section.6}{\376\377\000T\000e\000c\000n\000o\000l\000o\000g\000i\000e\000\040\000N\000o\000S\000Q\000L\000:\000\040\000s\000i\000s\000t\000e\000m\000i\000\040\000d\000o\000c\000u\000m\000e\000n\000t\000\040\000b\000a\000s\000e\000d}{}% 54
\BOOKMARK [2][-]{subsection.6.1}{\376\377\000M\000o\000d\000e\000l\000l\000o\000\040\000d\000e\000i\000\040\000d\000a\000t\000i\000\040\000d\000e\000i\000\040\000s\000i\000s\000t\000e\000m\000i\000\040\000d\000o\000c\000u\000m\000e\000n\000t\000-\000s\000t\000o\000r\000e}{section.6}% 55
\BOOKMARK [3][-]{subsubsection.6.1.1}{\376\377\000P\000r\000o\000g\000e\000t\000t\000a\000z\000i\000o\000n\000e\000\040\000d\000e\000i\000\040\000d\000a\000t\000i\000\040\000c\000o\000m\000e\000\040\000d\000o\000c\000u\000m\000e\000n\000t\000i}{subsection.6.1}% 56
\BOOKMARK [3][-]{subsubsection.6.1.2}{\376\377\000R\000a\000p\000p\000r\000e\000s\000e\000n\000t\000a\000z\000i\000o\000n\000e\000\040\000d\000i\000\040\000u\000n\000\040\000d\000o\000c\000u\000m\000e\000n\000t\000o}{subsection.6.1}% 57
\BOOKMARK [2][-]{subsection.6.2}{\376\377\000T\000r\000a\000d\000u\000z\000i\000o\000n\000e\000\040\000d\000i\000\040\000u\000n\000o\000\040\000s\000c\000h\000e\000m\000a\000\040\000E\000R\000\040\000i\000n\000\040\000c\000o\000l\000l\000e\000z\000i\000o\000n\000i\000\040\000d\000i\000\040\000d\000o\000c\000u\000m\000e\000n\000t\000i}{section.6}% 58
\BOOKMARK [3][-]{subsubsection.6.2.1}{\376\377\000R\000e\000g\000o\000l\000e\000\040\000d\000i\000\040\000t\000r\000a\000d\000u\000z\000i\000o\000n\000e}{subsection.6.2}% 59
\BOOKMARK [3][-]{subsubsection.6.2.2}{\376\377\000E\000t\000i\000c\000h\000e\000t\000t\000a\000t\000u\000r\000a\000\040\000d\000e\000l\000l\000o\000\040\000s\000c\000h\000e\000m\000a\000\040\000E\000R}{subsection.6.2}% 60
\BOOKMARK [1][-]{section.7}{\376\377\000O\000p\000e\000r\000a\000z\000i\000o\000n\000i\000\040\000s\000u\000\040\000u\000n\000a\000\040\000b\000a\000s\000e\000\040\000d\000i\000\040\000d\000a\000t\000i\000\040\000r\000e\000l\000a\000z\000i\000o\000n\000a\000l\000e}{}% 61
\BOOKMARK [2][-]{subsection.7.1}{\376\377\000A\000l\000g\000e\000b\000r\000a\000\040\000r\000e\000l\000a\000z\000i\000o\000n\000a\000l\000e}{section.7}% 62
\BOOKMARK [3][-]{subsubsection.7.1.1}{\376\377\000O\000p\000e\000r\000a\000t\000o\000r\000i\000\040\000d\000e\000l\000l\000'\000a\000l\000g\000e\000b\000r\000a\000\040\000r\000e\000l\000a\000z\000i\000o\000n\000a\000l\000e}{subsection.7.1}% 63
\BOOKMARK [3][-]{subsubsection.7.1.2}{\376\377\000O\000p\000e\000r\000a\000t\000o\000r\000i\000\040\000i\000n\000s\000i\000e\000m\000i\000s\000t\000i\000c\000i}{subsection.7.1}% 64
\BOOKMARK [3][-]{subsubsection.7.1.3}{\376\377\000O\000p\000e\000r\000a\000t\000o\000r\000i\000\040\000s\000p\000e\000c\000i\000f\000i\000c\000i}{subsection.7.1}% 65
\BOOKMARK [3][-]{subsubsection.7.1.4}{\376\377\000O\000p\000e\000r\000a\000t\000o\000r\000i\000\040\000d\000i\000\040\000g\000i\000u\000n\000z\000i\000o\000n\000e}{subsection.7.1}% 66
\BOOKMARK [2][-]{subsection.7.2}{\376\377\000A\000l\000g\000e\000b\000r\000a\000\040\000c\000o\000n\000\040\000v\000a\000l\000o\000r\000i\000\040\000n\000u\000l\000l\000i}{section.7}% 67
\BOOKMARK [3][-]{subsubsection.7.2.1}{\376\377\000J\000o\000i\000n\000\040\000e\000s\000t\000e\000r\000n\000i}{subsection.7.2}% 68
\BOOKMARK [3][-]{subsubsection.7.2.2}{\376\377\000O\000t\000t\000i\000m\000i\000z\000z\000a\000z\000i\000o\000n\000e\000\040\000d\000i\000\040\000e\000s\000p\000r\000e\000s\000s\000i\000o\000n\000i\000\040\000D\000M\000L}{subsection.7.2}% 69
\BOOKMARK [3][-]{subsubsection.7.2.3}{\376\377\000T\000r\000a\000s\000f\000o\000r\000m\000a\000z\000i\000o\000n\000i\000\040\000d\000i\000\040\000e\000q\000u\000i\000v\000a\000l\000e\000n\000z\000a}{subsection.7.2}% 70
\BOOKMARK [3][-]{subsubsection.7.2.4}{\376\377\000U\000l\000t\000e\000r\000i\000o\000r\000i\000\040\000t\000r\000a\000s\000f\000o\000r\000m\000a\000z\000i\000o\000n\000i\000\040\000d\000i\000\040\000e\000q\000u\000i\000v\000a\000l\000e\000n\000z\000a}{subsection.7.2}% 71
\BOOKMARK [2][-]{subsection.7.3}{\376\377\000C\000a\000l\000c\000o\000l\000o\000\040\000r\000e\000l\000a\000z\000i\000o\000n\000a\000l\000e}{section.7}% 72
\BOOKMARK [3][-]{subsubsection.7.3.1}{\376\377\000C\000a\000r\000a\000t\000t\000e\000r\000i\000s\000t\000i\000c\000h\000e\000\040\000d\000e\000l\000\040\000l\000i\000n\000g\000u\000a\000g\000g\000i\000o}{subsection.7.3}% 73
\BOOKMARK [3][-]{subsubsection.7.3.2}{\376\377\000S\000i\000n\000t\000a\000s\000s\000i\000\040\000d\000e\000l\000\040\000c\000a\000l\000c\000o\000l\000o\000\040\000r\000e\000l\000a\000z\000i\000o\000n\000a\000l\000e\000\040\000s\000u\000l\000l\000e\000\040\000t\000u\000p\000l\000e}{subsection.7.3}% 74
\BOOKMARK [3][-]{subsubsection.7.3.3}{\376\377\000S\000e\000m\000a\000n\000t\000i\000c\000a\000\040\000d\000e\000l\000\040\000c\000a\000l\000c\000o\000l\000o\000\040\000r\000e\000l\000a\000z\000i\000o\000n\000a\000l\000e\000\040\000s\000u\000l\000l\000e\000\040\000t\000u\000p\000l\000e}{subsection.7.3}% 75
\BOOKMARK [3][-]{subsubsection.7.3.4}{\376\377\000S\000e\000m\000a\000n\000t\000i\000c\000a\000\040\000d\000i\000\040\000u\000n\000a\000\040\000i\000n\000t\000e\000r\000r\000o\000g\000a\000z\000i\000o\000n\000e}{subsection.7.3}% 76
\BOOKMARK [3][-]{subsubsection.7.3.5}{\376\377\000O\000p\000e\000r\000a\000t\000o\000r\000i\000\040\000i\000n\000s\000i\000e\000m\000i\000s\000t\000i\000c\000i\000\040\000n\000e\000l\000\040\000c\000a\000l\000c\000o\000l\000o\000\040\000r\000e\000l\000a\000z\000i\000o\000n\000a\000l\000e\000\040\000s\000u\000l\000l\000e\000\040\000t\000u\000p\000l\000e}{subsection.7.3}% 77
\BOOKMARK [3][-]{subsubsection.7.3.6}{\376\377\000S\000e\000m\000a\000n\000t\000i\000c\000a\000\040\000d\000e\000i\000\040\000q\000u\000a\000n\000t\000i\000f\000i\000c\000a\000t\000o\000r\000i}{subsection.7.3}% 78
\BOOKMARK [3][-]{subsubsection.7.3.7}{\376\377\000Q\000u\000a\000n\000d\000o\000\040\000i\000l\000\040\000q\000u\000a\000n\000t\000i\000f\000i\000c\000a\000t\000o\000r\000e\000\040\000n\000o\000n\000\040\000\350\000\040\000e\000l\000i\000m\000i\000n\000a\000b\000i\000l\000e}{subsection.7.3}% 79
\BOOKMARK [2][-]{subsection.7.4}{\376\377\000I\000n\000t\000e\000r\000r\000o\000g\000a\000z\000i\000o\000n\000i\000\040\000n\000e\000i\000\040\000s\000i\000s\000t\000e\000m\000i\000\040\000d\000o\000c\000u\000m\000e\000n\000t\000\040\000b\000a\000s\000e\000d}{section.7}% 80
\BOOKMARK [3][-]{subsubsection.7.4.1}{\376\377\000O\000p\000e\000r\000a\000t\000o\000r\000i\000\040\000l\000o\000g\000i\000c\000i\000\040\000e\000\040\000d\000i\000\040\000c\000o\000n\000f\000r\000o\000n\000t\000o\000\040\000i\000n\000\040\000M\000o\000n\000g\000o\000D\000B}{subsection.7.4}% 81
\BOOKMARK [3][-]{subsubsection.7.4.2}{\376\377\000I\000n\000t\000e\000r\000r\000o\000g\000a\000z\000i\000o\000n\000e\000\040\000d\000i\000\040\000d\000a\000t\000i\000\040\000i\000n\000c\000a\000p\000s\000u\000l\000a\000t\000i}{subsection.7.4}% 82
\BOOKMARK [3][-]{subsubsection.7.4.3}{\376\377\000I\000n\000t\000e\000r\000r\000o\000g\000a\000z\000i\000o\000n\000i\000\040\000c\000o\000n\000\040\000p\000r\000o\000i\000e\000z\000i\000o\000n\000e}{subsection.7.4}% 83
\BOOKMARK [3][-]{subsubsection.7.4.4}{\376\377\000I\000n\000t\000e\000r\000r\000o\000g\000a\000z\000i\000o\000n\000i\000\040\000c\000o\000n\000\040\000j\000o\000i\000n}{subsection.7.4}% 84
\BOOKMARK [3][-]{subsubsection.7.4.5}{\376\377\000I\000n\000t\000e\000r\000r\000o\000g\000a\000z\000i\000o\000n\000i\000\040\000s\000u\000\040\000d\000a\000t\000i\000\040\000i\000n\000c\000a\000p\000s\000u\000l\000a\000t\000i\000\040\000c\000o\000n\000\040\000c\000o\000n\000d\000i\000z\000i\000o\000n\000i\000\040\000m\000u\000l\000t\000i\000p\000l\000e}{subsection.7.4}% 85
\BOOKMARK [3][-]{subsubsection.7.4.6}{\376\377\000A\000g\000g\000r\000e\000g\000a\000t\000i\000o\000n\000\040\000p\000i\000p\000e\000l\000i\000n\000e}{subsection.7.4}% 86
