This is pdfTeX, Version 3.141592653-2.6-1.40.25 (TeX Live 2023/Debian) (preloaded format=pdflatex 2026.1.28)  21 AUG 2026 17:41
entering extended mode
 \write18 enabled.
 %&-line parsing enabled.
**\def\tikzexternalrealjob{BasiDati}\input{BasiDati}
(./BasiDati.tex (/usr/share/texlive/texmf-dist/tex/latex/base/article.cls
Document Class: article 2023/05/17 v1.4n Standard LaTeX document class
(/usr/share/texlive/texmf-dist/tex/latex/base/size10.clo
File: size10.clo 2023/05/17 v1.4n Standard LaTeX file (size option)
)
\c@part=\count187
\c@section=\count188
\c@subsection=\count189
\c@subsubsection=\count190
\c@paragraph=\count191
\c@subparagraph=\count192
\c@figure=\count193
\c@table=\count194
\abovecaptionskip=\skip48
\belowcaptionskip=\skip49
\bibindent=\dimen140
) (/usr/share/texlive/texmf-dist/tex/latex/import/import.sty
Package: import 2020/04/01  v 6.2
) (../../../preamble.sty (/usr/share/texlive/texmf-dist/tex/latex/base/inputenc
.sty
Package: inputenc 2021/02/14 v1.3d Input encoding file
\inpenc@prehook=\toks17
\inpenc@posthook=\toks18
) (/usr/share/texlive/texmf-dist/tex/latex/base/fontenc.sty
Package: fontenc 2021/04/29 v2.0v Standard LaTeX package
) (/usr/share/texlive/texmf-dist/tex/latex/base/textcomp.sty
Package: textcomp 2020/02/02 v2.0n Standard LaTeX package
) (/usr/share/texlive/texmf-dist/tex/generic/babel/babel.sty
Package: babel 2024/01/07 v24.1 The Babel package
\babel@savecnt=\count195
\U@D=\dimen141
\l@unhyphenated=\language6
(/usr/share/texlive/texmf-dist/tex/generic/babel/txtbabel.def)
\bbl@readstream=\read2
\bbl@dirlevel=\count196
(/usr/share/texlive/texmf-dist/tex/generic/babel-italian/italian.ldf
Language: italian 2024/01/03 v.1.5.00 Italian support for the babel system
\it@lettering=\count197
\it@doublequoteactive=\count198
\it@ISOcompliance=\count199
)) (/usr/share/texlive/texmf-dist/tex/generic/babel/locale/it/babel-italian.tex
Package babel Info: Importing font and identification data for italian
(babel)             from babel-it.ini. Reported on input line 11.
) (/usr/share/texlive/texmf-dist/tex/latex/etoolbox/etoolbox.sty
Package: etoolbox 2020/10/05 v2.5k e-TeX tools for LaTeX (JAW)
\etb@tempcnta=\count266
) (/usr/share/texlive/texmf-dist/tex/latex/amsmath/amsmath.sty
Package: amsmath 2023/05/13 v2.17o AMS math features
\@mathmargin=\skip50
For additional information on amsmath, use the `?' option.
(/usr/share/texlive/texmf-dist/tex/latex/amsmath/amstext.sty
Package: amstext 2021/08/26 v2.01 AMS text
(/usr/share/texlive/texmf-dist/tex/latex/amsmath/amsgen.sty
File: amsgen.sty 1999/11/30 v2.0 generic functions
\@emptytoks=\toks19
\ex@=\dimen142
)) (/usr/share/texlive/texmf-dist/tex/latex/amsmath/amsbsy.sty
Package: amsbsy 1999/11/29 v1.2d Bold Symbols
\pmbraise@=\dimen143
) (/usr/share/texlive/texmf-dist/tex/latex/amsmath/amsopn.sty
Package: amsopn 2022/04/08 v2.04 operator names
)
\inf@bad=\count267
LaTeX Info: Redefining \frac on input line 234.
\uproot@=\count268
\leftroot@=\count269
LaTeX Info: Redefining \overline on input line 399.
LaTeX Info: Redefining \colon on input line 410.
\classnum@=\count270
\DOTSCASE@=\count271
LaTeX Info: Redefining \ldots on input line 496.
LaTeX Info: Redefining \dots on input line 499.
LaTeX Info: Redefining \cdots on input line 620.
\Mathstrutbox@=\box51
\strutbox@=\box52
LaTeX Info: Redefining \big on input line 722.
LaTeX Info: Redefining \Big on input line 723.
LaTeX Info: Redefining \bigg on input line 724.
LaTeX Info: Redefining \Bigg on input line 725.
\big@size=\dimen144
LaTeX Font Info:    Redeclaring font encoding OML on input line 743.
LaTeX Font Info:    Redeclaring font encoding OMS on input line 744.
\macc@depth=\count272
LaTeX Info: Redefining \bmod on input line 905.
LaTeX Info: Redefining \pmod on input line 910.
LaTeX Info: Redefining \smash on input line 940.
LaTeX Info: Redefining \relbar on input line 970.
LaTeX Info: Redefining \Relbar on input line 971.
\c@MaxMatrixCols=\count273
\dotsspace@=\muskip16
\c@parentequation=\count274
\dspbrk@lvl=\count275
\tag@help=\toks20
\row@=\count276
\column@=\count277
\maxfields@=\count278
\andhelp@=\toks21
\eqnshift@=\dimen145
\alignsep@=\dimen146
\tagshift@=\dimen147
\tagwidth@=\dimen148
\totwidth@=\dimen149
\lineht@=\dimen150
\@envbody=\toks22
\multlinegap=\skip51
\multlinetaggap=\skip52
\mathdisplay@stack=\toks23
LaTeX Info: Redefining \[ on input line 2953.
LaTeX Info: Redefining \] on input line 2954.
) (/usr/share/texlive/texmf-dist/tex/latex/amsfonts/amssymb.sty
Package: amssymb 2013/01/14 v3.01 AMS font symbols
(/usr/share/texlive/texmf-dist/tex/latex/amsfonts/amsfonts.sty
Package: amsfonts 2013/01/14 v3.01 Basic AMSFonts support
\symAMSa=\mathgroup4
\symAMSb=\mathgroup5
LaTeX Font Info:    Redeclaring math symbol \hbar on input line 98.
LaTeX Font Info:    Overwriting math alphabet `\mathfrak' in version `bold'
(Font)                  U/euf/m/n --> U/euf/b/n on input line 106.
)) (/usr/share/texlive/texmf-dist/tex/latex/booktabs/booktabs.sty
Package: booktabs 2020/01/12 v1.61803398 Publication quality tables
\heavyrulewidth=\dimen151
\lightrulewidth=\dimen152
\cmidrulewidth=\dimen153
\belowrulesep=\dimen154
\belowbottomsep=\dimen155
\aboverulesep=\dimen156
\abovetopsep=\dimen157
\cmidrulesep=\dimen158
\cmidrulekern=\dimen159
\defaultaddspace=\dimen160
\@cmidla=\count279
\@cmidlb=\count280
\@aboverulesep=\dimen161
\@belowrulesep=\dimen162
\@thisruleclass=\count281
\@lastruleclass=\count282
\@thisrulewidth=\dimen163
) (/usr/share/texlive/texmf-dist/tex/latex/xltabular/xltabular.sty
Package: xltabular 2020/11/04 v0.2e `xltabular' package (hv,RN)
(/usr/share/texlive/texmf-dist/tex/latex/tools/tabularx.sty
Package: tabularx 2023/07/08 v2.11c `tabularx' package (DPC)
(/usr/share/texlive/texmf-dist/tex/latex/tools/array.sty
Package: array 2023/10/16 v2.5g Tabular extension package (FMi)
\col@sep=\dimen164
\ar@mcellbox=\box53
\extrarowheight=\dimen165
\NC@list=\toks24
\extratabsurround=\skip53
\backup@length=\skip54
\ar@cellbox=\box54
)
\TX@col@width=\dimen166
\TX@old@table=\dimen167
\TX@old@col=\dimen168
\TX@target=\dimen169
\TX@delta=\dimen170
\TX@cols=\count283
\TX@ftn=\toks25
) (/usr/share/texlive/texmf-dist/tex/latex/ltablex/ltablex.sty
Package: ltablex 2014/08/13 v1.1 Modified tabularx
(/usr/share/texlive/texmf-dist/tex/latex/tools/longtable.sty
Package: longtable 2023-11-01 v4.19 Multi-page Table package (DPC)
\LTleft=\skip55
\LTright=\skip56
\LTpre=\skip57
\LTpost=\skip58
\LTchunksize=\count284
\LTcapwidth=\dimen171
\LT@head=\box55
\LT@firsthead=\box56
\LT@foot=\box57
\LT@lastfoot=\box58
\LT@gbox=\box59
\LT@cols=\count285
\LT@rows=\count286
\c@LT@tables=\count287
\c@LT@chunks=\count288
\LT@p@ftn=\toks26
))) (/usr/share/texlive/texmf-dist/tex/latex/caption/subcaption.sty
Package: subcaption 2023/07/28 v1.6b Sub-captions (AR)
(/usr/share/texlive/texmf-dist/tex/latex/caption/caption.sty
Package: caption 2023/08/05 v3.6o Customizing captions (AR)
(/usr/share/texlive/texmf-dist/tex/latex/caption/caption3.sty
Package: caption3 2023/07/31 v2.4d caption3 kernel (AR)
(/usr/share/texlive/texmf-dist/tex/latex/graphics/keyval.sty
Package: keyval 2022/05/29 v1.15 key=value parser (DPC)
\KV@toks@=\toks27
)
\caption@tempdima=\dimen172
\captionmargin=\dimen173
\caption@leftmargin=\dimen174
\caption@rightmargin=\dimen175
\caption@width=\dimen176
\caption@indent=\dimen177
\caption@parindent=\dimen178
\caption@hangindent=\dimen179
Package caption Info: Standard document class detected.
)
\c@caption@flags=\count289
\c@continuedfloat=\count290
Package caption Info: longtable package is loaded.
(/usr/share/texlive/texmf-dist/tex/latex/caption/ltcaption.sty
Package: ltcaption 2021/01/08 v1.4c longtable captions (AR)
))
Package caption Info: New subtype `subfigure' on input line 238.
\c@subfigure=\count291
Package caption Info: New subtype `subtable' on input line 238.
\c@subtable=\count292
) (/usr/share/texlive/texmf-dist/tex/latex/amscls/amsthm.sty
Package: amsthm 2020/05/29 v2.20.6
\thm@style=\toks28
\thm@bodyfont=\toks29
\thm@headfont=\toks30
\thm@notefont=\toks31
\thm@headpunct=\toks32
\thm@preskip=\skip59
\thm@postskip=\skip60
\thm@headsep=\skip61
\dth@everypar=\toks33
) (/usr/share/texlive/texmf-dist/tex/latex/cancel/cancel.sty
Package: cancel 2013/04/12 v2.2 Cancel math terms
) (/usr/share/texlive/texmf-dist/tex/latex/mdframed/mdframed.sty
Package: mdframed 2013/07/01 1.9b: mdframed
(/usr/share/texlive/texmf-dist/tex/latex/kvoptions/kvoptions.sty
Package: kvoptions 2022-06-15 v3.15 Key value format for package options (HO)
(/usr/share/texlive/texmf-dist/tex/generic/ltxcmds/ltxcmds.sty
Package: ltxcmds 2023-12-04 v1.26 LaTeX kernel commands for general use (HO)
) (/usr/share/texlive/texmf-dist/tex/latex/kvsetkeys/kvsetkeys.sty
Package: kvsetkeys 2022-10-05 v1.19 Key value parser (HO)
)) (/usr/share/texlive/texmf-dist/tex/latex/l3packages/xparse/xparse.sty (/usr/
share/texlive/texmf-dist/tex/latex/l3kernel/expl3.sty
Package: expl3 2024-01-22 L3 programming layer (loader) 
(/usr/share/texlive/texmf-dist/tex/latex/l3backend/l3backend-pdftex.def
File: l3backend-pdftex.def 2024-01-04 L3 backend support: PDF output (pdfTeX)
\l__color_backend_stack_int=\count293
\l__pdf_internal_box=\box60
))
Package: xparse 2023-10-10 L3 Experimental document command parser
) (/usr/share/texlive/texmf-dist/tex/latex/zref/zref-abspage.sty
Package: zref-abspage 2023-09-14 v2.35 Module abspage for zref (HO)
(/usr/share/texlive/texmf-dist/tex/latex/zref/zref-base.sty
Package: zref-base 2023-09-14 v2.35 Module base for zref (HO)
(/usr/share/texlive/texmf-dist/tex/generic/infwarerr/infwarerr.sty
Package: infwarerr 2019/12/03 v1.5 Providing info/warning/error messages (HO)
) (/usr/share/texlive/texmf-dist/tex/generic/kvdefinekeys/kvdefinekeys.sty
Package: kvdefinekeys 2019-12-19 v1.6 Define keys (HO)
) (/usr/share/texlive/texmf-dist/tex/generic/pdftexcmds/pdftexcmds.sty
Package: pdftexcmds 2020-06-27 v0.33 Utility functions of pdfTeX for LuaTeX (HO
)
(/usr/share/texlive/texmf-dist/tex/generic/iftex/iftex.sty
Package: iftex 2022/02/03 v1.0f TeX engine tests
)
Package pdftexcmds Info: \pdf@primitive is available.
Package pdftexcmds Info: \pdf@ifprimitive is available.
Package pdftexcmds Info: \pdfdraftmode found.
) (/usr/share/texlive/texmf-dist/tex/generic/etexcmds/etexcmds.sty
Package: etexcmds 2019/12/15 v1.7 Avoid name clashes with e-TeX commands (HO)
) (/usr/share/texlive/texmf-dist/tex/latex/auxhook/auxhook.sty
Package: auxhook 2019-12-17 v1.6 Hooks for auxiliary files (HO)
)
Package zref Info: New property list: main on input line 767.
Package zref Info: New property: default on input line 768.
Package zref Info: New property: page on input line 769.
)
\c@abspage=\count294
Package zref Info: New property: abspage on input line 67.
) (/usr/share/texlive/texmf-dist/tex/latex/needspace/needspace.sty
Package: needspace 2010/09/12 v1.3d reserve vertical space
) (/usr/share/texlive/texmf-dist/tex/latex/graphics/color.sty
Package: color 2022/01/06 v1.3d Standard LaTeX Color (DPC)
(/usr/share/texlive/texmf-dist/tex/latex/graphics-cfg/color.cfg
File: color.cfg 2016/01/02 v1.6 sample color configuration
)
Package color Info: Driver file: pdftex.def on input line 149.
(/usr/share/texlive/texmf-dist/tex/latex/graphics-def/pdftex.def
File: pdftex.def 2022/09/22 v1.2b Graphics/color driver for pdftex
) (/usr/share/texlive/texmf-dist/tex/latex/graphics/mathcolor.ltx))
\mdf@templength=\skip62
\c@mdf@globalstyle@cnt=\count295
\mdf@skipabove@length=\skip63
\mdf@skipbelow@length=\skip64
\mdf@leftmargin@length=\skip65
\mdf@rightmargin@length=\skip66
\mdf@innerleftmargin@length=\skip67
\mdf@innerrightmargin@length=\skip68
\mdf@innertopmargin@length=\skip69
\mdf@innerbottommargin@length=\skip70
\mdf@splittopskip@length=\skip71
\mdf@splitbottomskip@length=\skip72
\mdf@outermargin@length=\skip73
\mdf@innermargin@length=\skip74
\mdf@linewidth@length=\skip75
\mdf@innerlinewidth@length=\skip76
\mdf@middlelinewidth@length=\skip77
\mdf@outerlinewidth@length=\skip78
\mdf@roundcorner@length=\skip79
\mdf@footenotedistance@length=\skip80
\mdf@userdefinedwidth@length=\skip81
\mdf@needspace@length=\skip82
\mdf@frametitleaboveskip@length=\skip83
\mdf@frametitlebelowskip@length=\skip84
\mdf@frametitlerulewidth@length=\skip85
\mdf@frametitleleftmargin@length=\skip86
\mdf@frametitlerightmargin@length=\skip87
\mdf@shadowsize@length=\skip88
\mdf@extratopheight@length=\skip89
\mdf@subtitleabovelinewidth@length=\skip90
\mdf@subtitlebelowlinewidth@length=\skip91
\mdf@subtitleaboveskip@length=\skip92
\mdf@subtitlebelowskip@length=\skip93
\mdf@subtitleinneraboveskip@length=\skip94
\mdf@subtitleinnerbelowskip@length=\skip95
\mdf@subsubtitleabovelinewidth@length=\skip96
\mdf@subsubtitlebelowlinewidth@length=\skip97
\mdf@subsubtitleaboveskip@length=\skip98
\mdf@subsubtitlebelowskip@length=\skip99
\mdf@subsubtitleinneraboveskip@length=\skip100
\mdf@subsubtitleinnerbelowskip@length=\skip101
(/usr/share/texlive/texmf-dist/tex/latex/mdframed/md-frame-0.mdf
File: md-frame-0.mdf 2013/07/01\ 1.9b: md-frame-0
)
\mdf@frametitlebox=\box61
\mdf@footnotebox=\box62
\mdf@splitbox@one=\box63
\mdf@splitbox@two=\box64
\mdf@splitbox@save=\box65
\mdfsplitboxwidth=\skip102
\mdfsplitboxtotalwidth=\skip103
\mdfsplitboxheight=\skip104
\mdfsplitboxdepth=\skip105
\mdfsplitboxtotalheight=\skip106
\mdfframetitleboxwidth=\skip107
\mdfframetitleboxtotalwidth=\skip108
\mdfframetitleboxheight=\skip109
\mdfframetitleboxdepth=\skip110
\mdfframetitleboxtotalheight=\skip111
\mdffootnoteboxwidth=\skip112
\mdffootnoteboxtotalwidth=\skip113
\mdffootnoteboxheight=\skip114
\mdffootnoteboxdepth=\skip115
\mdffootnoteboxtotalheight=\skip116
\mdftotallinewidth=\skip117
\mdfboundingboxwidth=\skip118
\mdfboundingboxtotalwidth=\skip119
\mdfboundingboxheight=\skip120
\mdfboundingboxdepth=\skip121
\mdfboundingboxtotalheight=\skip122
\mdf@freevspace@length=\skip123
\mdf@horizontalwidthofbox@length=\skip124
\mdf@verticalmarginwhole@length=\skip125
\mdf@horizontalspaceofbox=\skip126
\mdfsubtitleheight=\skip127
\mdfsubsubtitleheight=\skip128
\c@mdfcountframes=\count296

****** mdframed patching \endmdf@trivlist

****** -- success******

\mdf@envdepth=\count297
\c@mdf@env@i=\count298
\c@mdf@env@ii=\count299
\c@mdf@zref@counter=\count300
Package zref Info: New property: mdf@pagevalue on input line 895.
) (/usr/share/texlive/texmf-dist/tex/latex/makecell/makecell.sty
Package: makecell 2009/08/03 V0.1e Managing of Tab Column Heads and Cells
\rotheadsize=\dimen180
\c@nlinenum=\count301
\TeXr@lab=\toks34
) (/usr/share/texlive/texmf-dist/tex/latex/float/float.sty
Package: float 2001/11/08 v1.3d Float enhancements (AL)
\c@float@type=\count302
\float@exts=\toks35
\float@box=\box66
\@float@everytoks=\toks36
\@floatcapt=\box67
) (/usr/share/texlive/texmf-dist/tex/latex/xcolor/xcolor.sty
Package: xcolor 2023/11/15 v3.01 LaTeX color extensions (UK)
(/usr/share/texlive/texmf-dist/tex/latex/graphics-cfg/color.cfg
File: color.cfg 2016/01/02 v1.6 sample color configuration
)
Package xcolor Info: Driver file: pdftex.def on input line 274.
LaTeX Info: Redefining \color on input line 758.
(/usr/share/texlive/texmf-dist/tex/latex/graphics/mathcolor.ltx)
Package xcolor Info: Model `cmy' substituted by `cmy0' on input line 1350.
Package xcolor Info: Model `hsb' substituted by `rgb' on input line 1354.
Package xcolor Info: Model `RGB' extended on input line 1366.
Package xcolor Info: Model `HTML' substituted by `rgb' on input line 1368.
Package xcolor Info: Model `Hsb' substituted by `hsb' on input line 1369.
Package xcolor Info: Model `tHsb' substituted by `hsb' on input line 1370.
Package xcolor Info: Model `HSB' substituted by `hsb' on input line 1371.
Package xcolor Info: Model `Gray' substituted by `gray' on input line 1372.
Package xcolor Info: Model `wave' substituted by `hsb' on input line 1373.
) (/usr/share/texlive/texmf-dist/tex/latex/graphics/dvipsnam.def
File: dvipsnam.def 2016/06/17 v3.0m Driver-dependent file (DPC,SPQR)
) (/usr/share/texlive/texmf-dist/tex/latex/listings/listings.sty
\lst@mode=\count303
\lst@gtempboxa=\box68
\lst@token=\toks37
\lst@length=\count304
\lst@currlwidth=\dimen181
\lst@column=\count305
\lst@pos=\count306
\lst@lostspace=\dimen182
\lst@width=\dimen183
\lst@newlines=\count307
\lst@lineno=\count308
\lst@maxwidth=\dimen184
(/usr/share/texlive/texmf-dist/tex/latex/listings/lstmisc.sty
File: lstmisc.sty 2023/02/27 1.9 (Carsten Heinz)
\c@lstnumber=\count309
\lst@skipnumbers=\count310
\lst@framebox=\box69
) (/usr/share/texlive/texmf-dist/tex/latex/listings/listings.cfg
File: listings.cfg 2023/02/27 1.9 listings configuration
))
Package: listings 2023/02/27 1.9 (Carsten Heinz)
(/usr/share/texlive/texmf-dist/tex/latex/gensymb/gensymb.sty
Package: gensymb 2022/10/17 v1.0.2 (KJH)
) (/usr/share/texlive/texmf-dist/tex/latex/graphics/graphicx.sty
Package: graphicx 2021/09/16 v1.2d Enhanced LaTeX Graphics (DPC,SPQR)
(/usr/share/texlive/texmf-dist/tex/latex/graphics/graphics.sty
Package: graphics 2022/03/10 v1.4e Standard LaTeX Graphics (DPC,SPQR)
(/usr/share/texlive/texmf-dist/tex/latex/graphics/trig.sty
Package: trig 2021/08/11 v1.11 sin cos tan (DPC)
) (/usr/share/texlive/texmf-dist/tex/latex/graphics-cfg/graphics.cfg
File: graphics.cfg 2016/06/04 v1.11 sample graphics configuration
)
Package graphics Info: Driver file: pdftex.def on input line 107.
)
\Gin@req@height=\dimen185
\Gin@req@width=\dimen186
) (/home/ginkgo/texmf/tex/latex/ebproof/ebproof.sty
Package: ebproof 2021/01/28 v2.1.1 EB's proof trees
\l__ebproof_separation_dim=\dimen187
\l__ebproof_rule_margin_dim=\dimen188
\l__ebproof_rule_thickness_dim=\dimen189
\l__ebproof_rule_separation_dim=\dimen190
\l__ebproof_rule_dash_length_dim=\dimen191
\l__ebproof_rule_dash_space_dim=\dimen192
\l__ebproof_label_separation_dim=\dimen193
\l__ebproof_label_axis_dim=\dimen194
\g__ebproof_register_int=\count311
\l__ebproof_transit_dim=\dimen195
\g__ebproof_level_int=\count312
\g__ebproof_stack_box=\box70
\l__ebproof_1_box=\box71
\l__ebproof_2_box=\box72
\l__ebproof_3_box=\box73
\l__ebproof_4_box=\box74
) (/home/ginkgo/texmf/tex/latex/bodeplot/bodeplot.sty
Package: bodeplot 2026/05/18 v3.1 Generate Bode, Nichols, Nyquist, and pole-zer
o plots
(/usr/share/texlive/texmf-dist/tex/latex/ifplatform/ifplatform.sty
Package: ifplatform 2017/10/13 v0.4a Testing for the operating system
(/usr/share/texlive/texmf-dist/tex/latex/tools/shellesc.sty
Package: shellesc 2023/07/08 v1.0d unified shell escape interface for LaTeX
Package shellesc Info: Unrestricted shell escape enabled on input line 75.
) (/usr/share/texlive/texmf-dist/tex/generic/catchfile/catchfile.sty
Package: catchfile 2019/12/09 v1.8 Catch the contents of a file (HO)
) (/usr/share/texlive/texmf-dist/tex/generic/iftex/ifluatex.sty
Package: ifluatex 2019/10/25 v1.5 ifluatex legacy package. Use iftex instead.
)
runsystem(uname -s > "figures/tikz/BasiDati-figure20.w18")...executed.

(./figures/tikz/BasiDati-figure20.w18)
runsystem(rm -- "figures/tikz/BasiDati-figure20.w18")...executed.

) (/usr/share/texlive/texmf-dist/tex/latex/pgfplots/pgfplots.sty (/usr/share/te
xlive/texmf-dist/tex/generic/pgfplots/pgfplots.revision.tex)
Package: pgfplots 2021/05/15 v1.18.1 Data Visualization (1.18.1)
(/usr/share/texlive/texmf-dist/tex/latex/pgf/frontendlayer/tikz.sty (/usr/share
/texlive/texmf-dist/tex/latex/pgf/basiclayer/pgf.sty (/usr/share/texlive/texmf-
dist/tex/latex/pgf/utilities/pgfrcs.sty (/usr/share/texlive/texmf-dist/tex/gene
ric/pgf/utilities/pgfutil-common.tex
\pgfutil@everybye=\toks38
\pgfutil@tempdima=\dimen196
\pgfutil@tempdimb=\dimen197
) (/usr/share/texlive/texmf-dist/tex/generic/pgf/utilities/pgfutil-latex.def
\pgfutil@abb=\box75
) (/usr/share/texlive/texmf-dist/tex/generic/pgf/utilities/pgfrcs.code.tex (/us
r/share/texlive/texmf-dist/tex/generic/pgf/pgf.revision.tex)
Package: pgfrcs 2023-01-15 v3.1.10 (3.1.10)
))
Package: pgf 2023-01-15 v3.1.10 (3.1.10)
(/usr/share/texlive/texmf-dist/tex/latex/pgf/basiclayer/pgfcore.sty (/usr/share
/texlive/texmf-dist/tex/latex/pgf/systemlayer/pgfsys.sty (/usr/share/texlive/te
xmf-dist/tex/generic/pgf/systemlayer/pgfsys.code.tex
Package: pgfsys 2023-01-15 v3.1.10 (3.1.10)
(/usr/share/texlive/texmf-dist/tex/generic/pgf/utilities/pgfkeys.code.tex
\pgfkeys@pathtoks=\toks39
\pgfkeys@temptoks=\toks40

(/usr/share/texlive/texmf-dist/tex/generic/pgf/utilities/pgfkeyslibraryfiltered
.code.tex
\pgfkeys@tmptoks=\toks41
))
\pgf@x=\dimen198
\pgf@y=\dimen199
\pgf@xa=\dimen256
\pgf@ya=\dimen257
\pgf@xb=\dimen258
\pgf@yb=\dimen259
\pgf@xc=\dimen260
\pgf@yc=\dimen261
\pgf@xd=\dimen262
\pgf@yd=\dimen263
\w@pgf@writea=\write3
\r@pgf@reada=\read3
\c@pgf@counta=\count313
\c@pgf@countb=\count314
\c@pgf@countc=\count315
\c@pgf@countd=\count316
\t@pgf@toka=\toks42
\t@pgf@tokb=\toks43
\t@pgf@tokc=\toks44
\pgf@sys@id@count=\count317
(/usr/share/texlive/texmf-dist/tex/generic/pgf/systemlayer/pgf.cfg
File: pgf.cfg 2023-01-15 v3.1.10 (3.1.10)
)
Driver file for pgf: pgfsys-pdftex.def
(/usr/share/texlive/texmf-dist/tex/generic/pgf/systemlayer/pgfsys-pdftex.def
File: pgfsys-pdftex.def 2023-01-15 v3.1.10 (3.1.10)

(/usr/share/texlive/texmf-dist/tex/generic/pgf/systemlayer/pgfsys-common-pdf.de
f
File: pgfsys-common-pdf.def 2023-01-15 v3.1.10 (3.1.10)
)))
(/usr/share/texlive/texmf-dist/tex/generic/pgf/systemlayer/pgfsyssoftpath.code.
tex
File: pgfsyssoftpath.code.tex 2023-01-15 v3.1.10 (3.1.10)
\pgfsyssoftpath@smallbuffer@items=\count318
\pgfsyssoftpath@bigbuffer@items=\count319
)
(/usr/share/texlive/texmf-dist/tex/generic/pgf/systemlayer/pgfsysprotocol.code.
tex
File: pgfsysprotocol.code.tex 2023-01-15 v3.1.10 (3.1.10)
)) (/usr/share/texlive/texmf-dist/tex/generic/pgf/basiclayer/pgfcore.code.tex
Package: pgfcore 2023-01-15 v3.1.10 (3.1.10)
(/usr/share/texlive/texmf-dist/tex/generic/pgf/math/pgfmath.code.tex (/usr/shar
e/texlive/texmf-dist/tex/generic/pgf/math/pgfmathutil.code.tex) (/usr/share/tex
live/texmf-dist/tex/generic/pgf/math/pgfmathparser.code.tex
\pgfmath@dimen=\dimen264
\pgfmath@count=\count320
\pgfmath@box=\box76
\pgfmath@toks=\toks45
\pgfmath@stack@operand=\toks46
\pgfmath@stack@operation=\toks47
) (/usr/share/texlive/texmf-dist/tex/generic/pgf/math/pgfmathfunctions.code.tex
)
(/usr/share/texlive/texmf-dist/tex/generic/pgf/math/pgfmathfunctions.basic.code
.tex)
(/usr/share/texlive/texmf-dist/tex/generic/pgf/math/pgfmathfunctions.trigonomet
ric.code.tex)
(/usr/share/texlive/texmf-dist/tex/generic/pgf/math/pgfmathfunctions.random.cod
e.tex)
(/usr/share/texlive/texmf-dist/tex/generic/pgf/math/pgfmathfunctions.comparison
.code.tex)
(/usr/share/texlive/texmf-dist/tex/generic/pgf/math/pgfmathfunctions.base.code.
tex)
(/usr/share/texlive/texmf-dist/tex/generic/pgf/math/pgfmathfunctions.round.code
.tex)
(/usr/share/texlive/texmf-dist/tex/generic/pgf/math/pgfmathfunctions.misc.code.
tex)
(/usr/share/texlive/texmf-dist/tex/generic/pgf/math/pgfmathfunctions.integerari
thmetics.code.tex) (/usr/share/texlive/texmf-dist/tex/generic/pgf/math/pgfmathc
alc.code.tex) (/usr/share/texlive/texmf-dist/tex/generic/pgf/math/pgfmathfloat.
code.tex
\c@pgfmathroundto@lastzeros=\count321
)) (/usr/share/texlive/texmf-dist/tex/generic/pgf/math/pgfint.code.tex)
(/usr/share/texlive/texmf-dist/tex/generic/pgf/basiclayer/pgfcorepoints.code.te
x
File: pgfcorepoints.code.tex 2023-01-15 v3.1.10 (3.1.10)
\pgf@picminx=\dimen265
\pgf@picmaxx=\dimen266
\pgf@picminy=\dimen267
\pgf@picmaxy=\dimen268
\pgf@pathminx=\dimen269
\pgf@pathmaxx=\dimen270
\pgf@pathminy=\dimen271
\pgf@pathmaxy=\dimen272
\pgf@xx=\dimen273
\pgf@xy=\dimen274
\pgf@yx=\dimen275
\pgf@yy=\dimen276
\pgf@zx=\dimen277
\pgf@zy=\dimen278
)
(/usr/share/texlive/texmf-dist/tex/generic/pgf/basiclayer/pgfcorepathconstruct.
code.tex
File: pgfcorepathconstruct.code.tex 2023-01-15 v3.1.10 (3.1.10)
\pgf@path@lastx=\dimen279
\pgf@path@lasty=\dimen280
)
(/usr/share/texlive/texmf-dist/tex/generic/pgf/basiclayer/pgfcorepathusage.code
.tex
File: pgfcorepathusage.code.tex 2023-01-15 v3.1.10 (3.1.10)
\pgf@shorten@end@additional=\dimen281
\pgf@shorten@start@additional=\dimen282
)
(/usr/share/texlive/texmf-dist/tex/generic/pgf/basiclayer/pgfcorescopes.code.te
x
File: pgfcorescopes.code.tex 2023-01-15 v3.1.10 (3.1.10)
\pgfpic=\box77
\pgf@hbox=\box78
\pgf@layerbox@main=\box79
\pgf@picture@serial@count=\count322
)
(/usr/share/texlive/texmf-dist/tex/generic/pgf/basiclayer/pgfcoregraphicstate.c
ode.tex
File: pgfcoregraphicstate.code.tex 2023-01-15 v3.1.10 (3.1.10)
\pgflinewidth=\dimen283
)
(/usr/share/texlive/texmf-dist/tex/generic/pgf/basiclayer/pgfcoretransformation
s.code.tex
File: pgfcoretransformations.code.tex 2023-01-15 v3.1.10 (3.1.10)
\pgf@pt@x=\dimen284
\pgf@pt@y=\dimen285
\pgf@pt@temp=\dimen286
)
(/usr/share/texlive/texmf-dist/tex/generic/pgf/basiclayer/pgfcorequick.code.tex
File: pgfcorequick.code.tex 2023-01-15 v3.1.10 (3.1.10)
)
(/usr/share/texlive/texmf-dist/tex/generic/pgf/basiclayer/pgfcoreobjects.code.t
ex
File: pgfcoreobjects.code.tex 2023-01-15 v3.1.10 (3.1.10)
)
(/usr/share/texlive/texmf-dist/tex/generic/pgf/basiclayer/pgfcorepathprocessing
.code.tex
File: pgfcorepathprocessing.code.tex 2023-01-15 v3.1.10 (3.1.10)
)
(/usr/share/texlive/texmf-dist/tex/generic/pgf/basiclayer/pgfcorearrows.code.te
x
File: pgfcorearrows.code.tex 2023-01-15 v3.1.10 (3.1.10)
\pgfarrowsep=\dimen287
)
(/usr/share/texlive/texmf-dist/tex/generic/pgf/basiclayer/pgfcoreshade.code.tex
File: pgfcoreshade.code.tex 2023-01-15 v3.1.10 (3.1.10)
\pgf@max=\dimen288
\pgf@sys@shading@range@num=\count323
\pgf@shadingcount=\count324
)
(/usr/share/texlive/texmf-dist/tex/generic/pgf/basiclayer/pgfcoreimage.code.tex
File: pgfcoreimage.code.tex 2023-01-15 v3.1.10 (3.1.10)
)
(/usr/share/texlive/texmf-dist/tex/generic/pgf/basiclayer/pgfcoreexternal.code.
tex
File: pgfcoreexternal.code.tex 2023-01-15 v3.1.10 (3.1.10)
\pgfexternal@startupbox=\box80
)
(/usr/share/texlive/texmf-dist/tex/generic/pgf/basiclayer/pgfcorelayers.code.te
x
File: pgfcorelayers.code.tex 2023-01-15 v3.1.10 (3.1.10)
)
(/usr/share/texlive/texmf-dist/tex/generic/pgf/basiclayer/pgfcoretransparency.c
ode.tex
File: pgfcoretransparency.code.tex 2023-01-15 v3.1.10 (3.1.10)
)
(/usr/share/texlive/texmf-dist/tex/generic/pgf/basiclayer/pgfcorepatterns.code.
tex
File: pgfcorepatterns.code.tex 2023-01-15 v3.1.10 (3.1.10)
) (/usr/share/texlive/texmf-dist/tex/generic/pgf/basiclayer/pgfcorerdf.code.tex
File: pgfcorerdf.code.tex 2023-01-15 v3.1.10 (3.1.10)
)))
(/usr/share/texlive/texmf-dist/tex/generic/pgf/modules/pgfmoduleshapes.code.tex
File: pgfmoduleshapes.code.tex 2023-01-15 v3.1.10 (3.1.10)
\pgfnodeparttextbox=\box81
) (/usr/share/texlive/texmf-dist/tex/generic/pgf/modules/pgfmoduleplot.code.tex
File: pgfmoduleplot.code.tex 2023-01-15 v3.1.10 (3.1.10)
)
(/usr/share/texlive/texmf-dist/tex/latex/pgf/compatibility/pgfcomp-version-0-65
.sty
Package: pgfcomp-version-0-65 2023-01-15 v3.1.10 (3.1.10)
\pgf@nodesepstart=\dimen289
\pgf@nodesepend=\dimen290
)
(/usr/share/texlive/texmf-dist/tex/latex/pgf/compatibility/pgfcomp-version-1-18
.sty
Package: pgfcomp-version-1-18 2023-01-15 v3.1.10 (3.1.10)
)) (/usr/share/texlive/texmf-dist/tex/latex/pgf/utilities/pgffor.sty (/usr/shar
e/texlive/texmf-dist/tex/latex/pgf/utilities/pgfkeys.sty (/usr/share/texlive/te
xmf-dist/tex/generic/pgf/utilities/pgfkeys.code.tex)) (/usr/share/texlive/texmf
-dist/tex/latex/pgf/math/pgfmath.sty (/usr/share/texlive/texmf-dist/tex/generic
/pgf/math/pgfmath.code.tex)) (/usr/share/texlive/texmf-dist/tex/generic/pgf/uti
lities/pgffor.code.tex
Package: pgffor 2023-01-15 v3.1.10 (3.1.10)
\pgffor@iter=\dimen291
\pgffor@skip=\dimen292
\pgffor@stack=\toks48
\pgffor@toks=\toks49
))
(/usr/share/texlive/texmf-dist/tex/generic/pgf/frontendlayer/tikz/tikz.code.tex
Package: tikz 2023-01-15 v3.1.10 (3.1.10)

(/usr/share/texlive/texmf-dist/tex/generic/pgf/libraries/pgflibraryplothandlers
.code.tex
File: pgflibraryplothandlers.code.tex 2023-01-15 v3.1.10 (3.1.10)
\pgf@plot@mark@count=\count325
\pgfplotmarksize=\dimen293
)
\tikz@lastx=\dimen294
\tikz@lasty=\dimen295
\tikz@lastxsaved=\dimen296
\tikz@lastysaved=\dimen297
\tikz@lastmovetox=\dimen298
\tikz@lastmovetoy=\dimen299
\tikzleveldistance=\dimen300
\tikzsiblingdistance=\dimen301
\tikz@figbox=\box82
\tikz@figbox@bg=\box83
\tikz@tempbox=\box84
\tikz@tempbox@bg=\box85
\tikztreelevel=\count326
\tikznumberofchildren=\count327
\tikznumberofcurrentchild=\count328
\tikz@fig@count=\count329

(/usr/share/texlive/texmf-dist/tex/generic/pgf/modules/pgfmodulematrix.code.tex
File: pgfmodulematrix.code.tex 2023-01-15 v3.1.10 (3.1.10)
\pgfmatrixcurrentrow=\count330
\pgfmatrixcurrentcolumn=\count331
\pgf@matrix@numberofcolumns=\count332
)
\tikz@expandcount=\count333

(/usr/share/texlive/texmf-dist/tex/generic/pgf/frontendlayer/tikz/libraries/tik
zlibrarytopaths.code.tex
File: tikzlibrarytopaths.code.tex 2023-01-15 v3.1.10 (3.1.10)
))) (/usr/share/texlive/texmf-dist/tex/generic/pgfplots/pgfplots.code.tex (/usr
/share/texlive/texmf-dist/tex/generic/pgfplots/pgfplotscore.code.tex
\t@pgfplots@toka=\toks50
\t@pgfplots@tokb=\toks51
\t@pgfplots@tokc=\toks52
\pgfplots@tmpa=\dimen302
\c@pgfplots@coordindex=\count334
\c@pgfplots@scanlineindex=\count335

(/usr/share/texlive/texmf-dist/tex/generic/pgfplots/sys/pgfplotssysgeneric.code
.tex))
(/usr/share/texlive/texmf-dist/tex/generic/pgfplots/libs/pgfplotslibrary.code.t
ex)
(/usr/share/texlive/texmf-dist/tex/generic/pgfplots/oldpgfcompatib/pgfplotsoldp
gfsupp_loader.code.tex
(/usr/share/texlive/texmf-dist/tex/generic/pgf/libraries/pgflibraryfpu.code.tex
)
Package pgfplots: loading complementary utilities for your pgf version...
\t@pgf@toka=\toks53
\t@pgf@tokb=\toks54
\t@pgf@tokc=\toks55

(/usr/share/texlive/texmf-dist/tex/generic/pgfplots/oldpgfcompatib/pgfplotsoldp
gfsupp_pgfutil-common-lists.tex)) (/usr/share/texlive/texmf-dist/tex/generic/pg
fplots/util/pgfplotsutil.code.tex
(/usr/share/texlive/texmf-dist/tex/generic/pgfplots/liststructure/pgfplotslists
tructure.code.tex)
(/usr/share/texlive/texmf-dist/tex/generic/pgfplots/liststructure/pgfplotslists
tructureext.code.tex)
(/usr/share/texlive/texmf-dist/tex/generic/pgfplots/liststructure/pgfplotsarray
.code.tex
\c@pgfplotsarray@tmp=\count336
)
(/usr/share/texlive/texmf-dist/tex/generic/pgfplots/liststructure/pgfplotsmatri
x.code.tex)
(/usr/share/texlive/texmf-dist/tex/generic/pgfplots/numtable/pgfplotstableshare
d.code.tex
\c@pgfplotstable@counta=\count337
\t@pgfplotstable@a=\toks56
)
(/usr/share/texlive/texmf-dist/tex/generic/pgfplots/liststructure/pgfplotsdeque
.code.tex)
(/usr/share/texlive/texmf-dist/tex/generic/pgfplots/util/pgfplotsbinary.code.te
x
(/usr/share/texlive/texmf-dist/tex/generic/pgfplots/util/pgfplotsbinary.data.co
de.tex))
(/usr/share/texlive/texmf-dist/tex/generic/pgfplots/util/pgfplotsutil.verb.code
.tex)
(/usr/share/texlive/texmf-dist/tex/generic/pgfplots/libs/pgflibrarypgfplots.sur
fshading.code.tex
\c@pgfplotslibrarysurf@no=\count338

(/usr/share/texlive/texmf-dist/tex/generic/pgfplots/sys/pgflibrarypgfplots.surf
shading.pgfsys-pdftex.def)))
(/usr/share/texlive/texmf-dist/tex/generic/pgfplots/util/pgfplotscolormap.code.
tex
(/usr/share/texlive/texmf-dist/tex/generic/pgfplots/util/pgfplotscolor.code.tex
))
(/usr/share/texlive/texmf-dist/tex/generic/pgfplots/pgfplotsstackedplots.code.t
ex)
(/usr/share/texlive/texmf-dist/tex/generic/pgfplots/pgfplotsplothandlers.code.t
ex
(/usr/share/texlive/texmf-dist/tex/generic/pgfplots/pgfplotsmeshplothandler.cod
e.tex
(/usr/share/texlive/texmf-dist/tex/generic/pgfplots/pgfplotsmeshplotimage.code.
tex))) (/usr/share/texlive/texmf-dist/tex/generic/pgfplots/pgfplots.scaling.cod
e.tex)
(/usr/share/texlive/texmf-dist/tex/generic/pgfplots/pgfplotscoordprocessing.cod
e.tex)
(/usr/share/texlive/texmf-dist/tex/generic/pgfplots/pgfplots.errorbars.code.tex
) (/usr/share/texlive/texmf-dist/tex/generic/pgfplots/pgfplots.markers.code.tex
) (/usr/share/texlive/texmf-dist/tex/generic/pgfplots/pgfplotsticks.code.tex) (
/usr/share/texlive/texmf-dist/tex/generic/pgfplots/pgfplots.paths.code.tex)
(/usr/share/texlive/texmf-dist/tex/generic/pgf/frontendlayer/tikz/libraries/tik
zlibrarydecorations.code.tex
(/usr/share/texlive/texmf-dist/tex/generic/pgf/modules/pgfmoduledecorations.cod
e.tex
\pgfdecoratedcompleteddistance=\dimen303
\pgfdecoratedremainingdistance=\dimen304
\pgfdecoratedinputsegmentcompleteddistance=\dimen305
\pgfdecoratedinputsegmentremainingdistance=\dimen306
\pgf@decorate@distancetomove=\dimen307
\pgf@decorate@repeatstate=\count339
\pgfdecorationsegmentamplitude=\dimen308
\pgfdecorationsegmentlength=\dimen309
)
\tikz@lib@dec@box=\box86
)
(/usr/share/texlive/texmf-dist/tex/generic/pgf/frontendlayer/tikz/libraries/tik
zlibrarydecorations.pathmorphing.code.tex
(/usr/share/texlive/texmf-dist/tex/generic/pgf/libraries/decorations/pgflibrary
decorations.pathmorphing.code.tex))
(/usr/share/texlive/texmf-dist/tex/generic/pgf/frontendlayer/tikz/libraries/tik
zlibrarydecorations.pathreplacing.code.tex
(/usr/share/texlive/texmf-dist/tex/generic/pgf/libraries/decorations/pgflibrary
decorations.pathreplacing.code.tex))
(/usr/share/texlive/texmf-dist/tex/generic/pgfplots/libs/tikzlibrarypgfplots.co
ntourlua.code.tex)
\pgfplots@numplots=\count340
\pgfplots@xmin@reg=\dimen310
\pgfplots@xmax@reg=\dimen311
\pgfplots@ymin@reg=\dimen312
\pgfplots@ymax@reg=\dimen313
\pgfplots@zmin@reg=\dimen314
\pgfplots@zmax@reg=\dimen315
)
(/usr/share/texlive/texmf-dist/tex/generic/pgf/frontendlayer/tikz/libraries/tik
zlibraryplotmarks.code.tex
File: tikzlibraryplotmarks.code.tex 2023-01-15 v3.1.10 (3.1.10)

(/usr/share/texlive/texmf-dist/tex/generic/pgf/libraries/pgflibraryplotmarks.co
de.tex
File: pgflibraryplotmarks.code.tex 2023-01-15 v3.1.10 (3.1.10)
)))
(/usr/share/texlive/texmf-dist/tex/generic/pgfplots/libs/tikzlibrarypgfplots.gr
oupplots.code.tex
\pgfplots@group@current@plot=\count341
\pgfplots@group@current@row=\count342
\pgfplots@group@current@column=\count343

(/usr/share/texlive/texmf-dist/tex/generic/pgf/frontendlayer/tikz/libraries/tik
zlibrarycalc.code.tex
File: tikzlibrarycalc.code.tex 2023-01-15 v3.1.10 (3.1.10)
))
\c@bp@gnuplot@id=\count344
\l__bp_pos_int=\count345
\l__bp_seppos_int=\count346
\l__bp_paren_int=\count347
) (/home/ginkgo/texmf/tex/latex/physics/physics.sty
Package: physics 
)
(/usr/share/texlive/texmf-dist/tex/generic/pgf/frontendlayer/tikz/libraries/tik
zlibraryshapes.code.tex
File: tikzlibraryshapes.code.tex 2023-01-15 v3.1.10 (3.1.10)

(/usr/share/texlive/texmf-dist/tex/generic/pgf/frontendlayer/tikz/libraries/tik
zlibraryshapes.geometric.code.tex
File: tikzlibraryshapes.geometric.code.tex 2023-01-15 v3.1.10 (3.1.10)

(/usr/share/texlive/texmf-dist/tex/generic/pgf/libraries/shapes/pgflibraryshape
s.geometric.code.tex
File: pgflibraryshapes.geometric.code.tex 2023-01-15 v3.1.10 (3.1.10)
))
(/usr/share/texlive/texmf-dist/tex/generic/pgf/frontendlayer/tikz/libraries/tik
zlibraryshapes.misc.code.tex
File: tikzlibraryshapes.misc.code.tex 2023-01-15 v3.1.10 (3.1.10)

(/usr/share/texlive/texmf-dist/tex/generic/pgf/libraries/shapes/pgflibraryshape
s.misc.code.tex
File: pgflibraryshapes.misc.code.tex 2023-01-15 v3.1.10 (3.1.10)
))
(/usr/share/texlive/texmf-dist/tex/generic/pgf/frontendlayer/tikz/libraries/tik
zlibraryshapes.symbols.code.tex
File: tikzlibraryshapes.symbols.code.tex 2023-01-15 v3.1.10 (3.1.10)

(/usr/share/texlive/texmf-dist/tex/generic/pgf/libraries/shapes/pgflibraryshape
s.symbols.code.tex
File: pgflibraryshapes.symbols.code.tex 2023-01-15 v3.1.10 (3.1.10)
))
(/usr/share/texlive/texmf-dist/tex/generic/pgf/frontendlayer/tikz/libraries/tik
zlibraryshapes.arrows.code.tex
File: tikzlibraryshapes.arrows.code.tex 2023-01-15 v3.1.10 (3.1.10)

(/usr/share/texlive/texmf-dist/tex/generic/pgf/libraries/shapes/pgflibraryshape
s.arrows.code.tex
File: pgflibraryshapes.arrows.code.tex 2023-01-15 v3.1.10 (3.1.10)
))
(/usr/share/texlive/texmf-dist/tex/generic/pgf/frontendlayer/tikz/libraries/tik
zlibraryshapes.callouts.code.tex
(/usr/share/texlive/texmf-dist/tex/generic/pgf/libraries/shapes/pgflibraryshape
s.callouts.code.tex))
(/usr/share/texlive/texmf-dist/tex/generic/pgf/frontendlayer/tikz/libraries/tik
zlibraryshapes.multipart.code.tex
File: tikzlibraryshapes.multipart.code.tex 2023-01-15 v3.1.10 (3.1.10)

(/usr/share/texlive/texmf-dist/tex/generic/pgf/libraries/shapes/pgflibraryshape
s.multipart.code.tex
File: pgflibraryshapes.multipart.code.tex 2023-01-15 v3.1.10 (3.1.10)
\pgfnodepartlowerbox=\box87
\pgfnodeparttwobox=\box88
\pgfnodepartthreebox=\box89
\pgfnodepartfourbox=\box90
\pgfnodeparttwentybox=\box91
\pgfnodepartnineteenbox=\box92
\pgfnodeparteighteenbox=\box93
\pgfnodepartseventeenbox=\box94
\pgfnodepartsixteenbox=\box95
\pgfnodepartfifteenbox=\box96
\pgfnodepartfourteenbox=\box97
\pgfnodepartthirteenbox=\box98
\pgfnodeparttwelvebox=\box99
\pgfnodepartelevenbox=\box100
\pgfnodeparttenbox=\box101
\pgfnodepartninebox=\box102
\pgfnodeparteightbox=\box103
\pgfnodepartsevenbox=\box104
\pgfnodepartsixbox=\box105
\pgfnodepartfivebox=\box106
)))
(/usr/share/texlive/texmf-dist/tex/generic/pgf/frontendlayer/tikz/libraries/tik
zlibraryarrows.code.tex
File: tikzlibraryarrows.code.tex 2023-01-15 v3.1.10 (3.1.10)

(/usr/share/texlive/texmf-dist/tex/generic/pgf/libraries/pgflibraryarrows.code.
tex
File: pgflibraryarrows.code.tex 2023-01-15 v3.1.10 (3.1.10)
\arrowsize=\dimen316
))
(/usr/share/texlive/texmf-dist/tex/generic/pgf/frontendlayer/tikz/libraries/tik
zlibraryautomata.code.tex
File: tikzlibraryautomata.code.tex 2023-01-15 v3.1.10 (3.1.10)
)
(/usr/share/texlive/texmf-dist/tex/generic/pgf/frontendlayer/tikz/libraries/tik
zlibrarypetri.code.tex
File: tikzlibrarypetri.code.tex 2023-01-15 v3.1.10 (3.1.10)
)
(/usr/share/texlive/texmf-dist/tex/generic/pgf/frontendlayer/tikz/libraries/tik
zlibrarydecorations.markings.code.tex
(/usr/share/texlive/texmf-dist/tex/generic/pgf/libraries/decorations/pgflibrary
decorations.markings.code.tex))
(/usr/share/texlive/texmf-dist/tex/generic/pgf/frontendlayer/tikz/libraries/tik
zlibrarypositioning.code.tex
File: tikzlibrarypositioning.code.tex 2023-01-15 v3.1.10 (3.1.10)
)
(/usr/share/texlive/texmf-dist/tex/generic/pgf/frontendlayer/tikz/libraries/tik
zlibraryquotes.code.tex
File: tikzlibraryquotes.code.tex 2023-01-15 v3.1.10 (3.1.10)
) (/usr/share/texlive/texmf-dist/tex/latex/circuitikz/circuitikz.sty
Package: circuitikz 2023/12/09{} The CircuiTikz circuit drawing package version
 1.6.6

(/usr/share/texlive/texmf-dist/tex/generic/pgf/libraries/pgflibraryarrows.meta.
code.tex
File: pgflibraryarrows.meta.code.tex 2023-01-15 v3.1.10 (3.1.10)
\pgfarrowinset=\dimen317
\pgfarrowlength=\dimen318
\pgfarrowwidth=\dimen319
\pgfarrowlinewidth=\dimen320
)
(/usr/share/texlive/texmf-dist/tex/generic/pgf/frontendlayer/tikz/libraries/tik
zlibrarybending.code.tex
File: tikzlibrarybending.code.tex 2023-01-15 v3.1.10 (3.1.10)

(/usr/share/texlive/texmf-dist/tex/generic/pgf/modules/pgfmodulebending.code.te
x
File: pgfmodulebending.code.tex 2023-01-15 v3.1.10 (3.1.10)

(/usr/share/texlive/texmf-dist/tex/generic/pgf/modules/pgfmodulenonlineartransf
ormations.code.tex
File: pgfmodulenonlineartransformations.code.tex 2023-01-15 v3.1.10 (3.1.10)
\pgftransformnonlinearflatness=\dimen321
)
(/usr/share/texlive/texmf-dist/tex/generic/pgf/libraries/pgflibrarycurvilinear.
code.tex
File: pgflibrarycurvilinear.code.tex 2023-01-15 v3.1.10 (3.1.10)
\pgf@curvilinear@time@a=\dimen322
\pgf@curvilinear@length@a=\dimen323
\pgf@curvilinear@length@b=\dimen324
\pgf@curvilinear@length@c=\dimen325
\pgf@curvilinear@length@d=\dimen326
)
\pgf@arrows@the@rigidity=\dimen327
))
(/usr/share/texlive/texmf-dist/tex/generic/pgf/frontendlayer/tikz/libraries/tik
zlibraryfpu.code.tex) (/usr/share/texlive/texmf-dist/tex/generic/circuitikz/pgf
circ.defines.tex
\pgf@circ@count@a=\count348
\pgf@circ@count@b=\count349
\pgf@circ@count@c=\count350
\pgf@circ@res@up=\dimen328
\pgf@circ@res@down=\dimen329
\pgf@circ@res@zero=\dimen330
\pgf@circ@res@left=\dimen331
\pgf@circ@res@right=\dimen332
\pgf@circ@res@other=\dimen333
\pgf@circ@res@step=\dimen334
\pgf@circ@res@temp=\dimen335
\pgf@circ@Rlen=\dimen336
\pgf@circ@scaled@Rlen=\dimen337
\pgfstartlinewidth=\dimen338
) (/usr/share/texlive/texmf-dist/tex/generic/circuitikz/pgfcircutils.tex
\ctikz@scratchbox=\box107
) (/usr/share/texlive/texmf-dist/tex/generic/circuitikz/pgfcircpath.tex) (/usr/
share/texlive/texmf-dist/tex/generic/circuitikz/pgfcircshapes.tex) (/usr/share/
texlive/texmf-dist/tex/generic/circuitikz/pgfcircmonopoles.tex) (/usr/share/tex
live/texmf-dist/tex/generic/circuitikz/pgfcircbipoles.tex) (/usr/share/texlive/
texmf-dist/tex/generic/circuitikz/pgfcirctripoles.tex
\pgf@circ@res@count=\count351
) (/usr/share/texlive/texmf-dist/tex/generic/circuitikz/pgfcircquadpoles.tex) (
/usr/share/texlive/texmf-dist/tex/generic/circuitikz/pgfcircmultipoles.tex) (/u
sr/share/texlive/texmf-dist/tex/generic/circuitikz/pgfcirclabel.tex) (/usr/shar
e/texlive/texmf-dist/tex/generic/circuitikz/pgfcircvoltage.tex
\pgfcirc@labelshift=\dimen339
) (/usr/share/texlive/texmf-dist/tex/generic/circuitikz/pgfcirccurrent.tex) (/u
sr/share/texlive/texmf-dist/tex/generic/circuitikz/pgfcircflow.tex)) (/home/gin
kgo/texmf/tex/latex/karnaugh-map/karnaugh-map.sty
Package: karnaugh-map 2022/01/15 v2.0 Draw Karnaugh Maps
(/usr/share/texlive/texmf-dist/tex/generic/xstring/xstring.sty (/usr/share/texl
ive/texmf-dist/tex/generic/xstring/xstring.tex
\xs_counta=\count352
\xs_countb=\count353
)
Package: xstring 2023/08/22 v1.86 String manipulations (CT)
)
(/usr/share/texlive/texmf-dist/tex/generic/pgf/frontendlayer/tikz/libraries/tik
zlibrarymatrix.code.tex
File: tikzlibrarymatrix.code.tex 2023-01-15 v3.1.10 (3.1.10)
)
\@karnaughmap@var@colorindex@=\count354
\@karnaughmap@var@colorindexnext@=\count355
) (/home/ginkgo/texmf/tex/latex/eulervm/eulervm.sty
Package: eulervm 2005/01/11 v4.0 (WaS)
) (/usr/share/texlive/texmf-dist/tex/latex/forest/forest.sty
Package: forest 2017/07/14 v2.1.5 Drawing (linguistic) trees

(/usr/share/texlive/texmf-dist/tex/generic/pgf/frontendlayer/tikz/libraries/tik
zlibraryfit.code.tex
File: tikzlibraryfit.code.tex 2023-01-15 v3.1.10 (3.1.10)
)
(/usr/share/texlive/texmf-dist/tex/generic/pgf/libraries/pgflibraryintersection
s.code.tex
\pgf@intersect@solutions=\count356
) (/usr/share/texlive/texmf-dist/tex/latex/pgfopts/pgfopts.sty
Package: pgfopts 2014/07/10 v2.1a LaTeX package options with pgfkeys
\pgfopts@list@add@a@toks=\toks57
\pgfopts@list@add@b@toks=\toks58
) (/usr/share/texlive/texmf-dist/tex/latex/elocalloc/elocalloc.sty
Package: elocalloc 2016/12/15 v0.03 local allocation for LaTeX 2015+ (DPC)
) (/usr/share/texlive/texmf-dist/tex/latex/environ/environ.sty
Package: environ 2014/05/04 v0.3 A new way to define environments
(/usr/share/texlive/texmf-dist/tex/latex/trimspaces/trimspaces.sty
Package: trimspaces 2009/09/17 v1.1 Trim spaces around a token list
)) (/usr/share/texlive/texmf-dist/tex/latex/inlinedef/inlinedef.sty
Package: inlinedef 2008/07/10 v1.0 Inlined expansions within definitions
\ID@toks=\toks59
\ID@count=\count357
)
\ID@usercommands=\toks60
\safeloop@depth=\count358
\safeRKloop@depth=\count359
\forest@temp@dimen=\dimen340
\forest@temp@count=\count360
\forest@n=\count361
\forest@temp@global@count=\count362
\forest@temp@toks=\toks61
\forest@temparray@M=\count363
\forest@temparray@N=\count364
\forest@global@temparray@M=\count365
\forest@global@temparray@N=\count366
\forest@isnum@count=\count367
\forest@isdim@nonintpart=\count368
\forest@isdim@dimen=\dimen341
\forest@sort@m=\count369
\forest@sort@k=\count370
\forest@sort@p=\count371
\bracket@content=\toks62
\bracket@afterthought=\toks63
\forest@node@maxid=\count372
\forest@process@left@M=\count373
\forest@process@left@N=\count374
\forest@process@right@M=\count375
\forest@process@right@N=\count376
\forest@process@saved@M=\count377
\forest@process@saved@N=\count378
\forest@process@result@M=\count379
\forest@process@result@N=\count380
\forest@process@n=\count381
\forest@nodewalk@branch@toks=\toks64
\forest@nodewalk@shortsteps@resolution=\toks65
\forest@do@dynamics=\toks66
\forest@box=\box108
\forest@xg=\dimen342
\forest@yg=\dimen343
\forest@xs=\dimen344
\forest@ys=\dimen345
\forest@pi@toks=\toks67
\forest@segment@toks=\toks68
\forest@PIi@toks=\toks69
\forest@PIii@toks=\toks70
\forest@copy@in=\read4
\forest@copy@out=\write4
\forest@externalize@max@outer@n=\count382
\forest@externalize@inner@n=\count383
) (/usr/share/texlive/texmf-dist/tex/latex/mathtools/mathtools.sty
Package: mathtools 2022/06/29 v1.29 mathematical typesetting tools
(/usr/share/texlive/texmf-dist/tex/latex/tools/calc.sty
Package: calc 2023/07/08 v4.3 Infix arithmetic (KKT,FJ)
\calc@Acount=\count384
\calc@Bcount=\count385
\calc@Adimen=\dimen346
\calc@Bdimen=\dimen347
\calc@Askip=\skip129
\calc@Bskip=\skip130
LaTeX Info: Redefining \setlength on input line 80.
LaTeX Info: Redefining \addtolength on input line 81.
\calc@Ccount=\count386
\calc@Cskip=\skip131
) (/usr/share/texlive/texmf-dist/tex/latex/mathtools/mhsetup.sty
Package: mhsetup 2021/03/18 v1.4 programming setup (MH)
)
\g_MT_multlinerow_int=\count387
\l_MT_multwidth_dim=\dimen348
\origjot=\skip132
\l_MT_shortvdotswithinadjustabove_dim=\dimen349
\l_MT_shortvdotswithinadjustbelow_dim=\dimen350
\l_MT_above_intertext_sep=\dimen351
\l_MT_below_intertext_sep=\dimen352
\l_MT_above_shortintertext_sep=\dimen353
\l_MT_below_shortintertext_sep=\dimen354
\xmathstrut@box=\box109
\xmathstrut@dim=\dimen355
) (/usr/share/texlive/texmf-dist/tex/latex/pdfpages/pdfpages.sty
Package: pdfpages 2024/01/21 v0.5y Insert pages of external PDF documents (AM)
(/usr/share/texlive/texmf-dist/tex/latex/base/ifthen.sty
Package: ifthen 2022/04/13 v1.1d Standard LaTeX ifthen package (DPC)
) (/usr/share/texlive/texmf-dist/tex/latex/eso-pic/eso-pic.sty
Package: eso-pic 2023/05/03 v3.0c eso-pic (RN)
\ESO@tempdima=\dimen356
\ESO@tempdimb=\dimen357
)
\AM@pagewidth=\dimen358
\AM@pageheight=\dimen359
\AM@fboxrule=\dimen360
(/usr/share/texlive/texmf-dist/tex/latex/pdfpages/pppdftex.def
File: pppdftex.def 2024/01/21 v0.5y Pdfpages driver for pdfTeX (AM)
)
\pdfpages@includegraphics@status=\count388
\AM@pagebox=\box110
\AM@global@opts=\toks71
\AM@pagecnt=\count389
\AM@toc@title=\toks72
\AM@lof@heading=\toks73
\c@AM@survey=\count390
\AM@templatesizebox=\box111
) (/usr/share/texlive/texmf-dist/tex/latex/transparent/transparent.sty
Package: transparent 2022-10-27 v1.5 Transparency with color stacks

(/usr/share/texlive/texmf-dist/tex/latex/transparent/transparent-nometadata.sty
Package: transparent-nometadata 2022-10-27 v1.5 Transparency via pdfTeX's color
 stack (HO)
)) (/usr/share/texlive/texmf-dist/tex/latex/hyperref/hyperref.sty
Package: hyperref 2024-01-20 v7.01h Hypertext links for LaTeX
(/usr/share/texlive/texmf-dist/tex/generic/pdfescape/pdfescape.sty
Package: pdfescape 2019/12/09 v1.15 Implements pdfTeX's escape features (HO)
) (/usr/share/texlive/texmf-dist/tex/latex/hycolor/hycolor.sty
Package: hycolor 2020-01-27 v1.10 Color options for hyperref/bookmark (HO)
) (/usr/share/texlive/texmf-dist/tex/latex/hyperref/nameref.sty
Package: nameref 2023-11-26 v2.56 Cross-referencing by name of section
(/usr/share/texlive/texmf-dist/tex/latex/refcount/refcount.sty
Package: refcount 2019/12/15 v3.6 Data extraction from label references (HO)
) (/usr/share/texlive/texmf-dist/tex/generic/gettitlestring/gettitlestring.sty
Package: gettitlestring 2019/12/15 v1.6 Cleanup title references (HO)
)
\c@section@level=\count391
)
\@linkdim=\dimen361
\Hy@linkcounter=\count392
\Hy@pagecounter=\count393
(/usr/share/texlive/texmf-dist/tex/latex/hyperref/pd1enc.def
File: pd1enc.def 2024-01-20 v7.01h Hyperref: PDFDocEncoding definition (HO)
Now handling font encoding PD1 ...
... no UTF-8 mapping file for font encoding PD1
) (/usr/share/texlive/texmf-dist/tex/generic/intcalc/intcalc.sty
Package: intcalc 2019/12/15 v1.3 Expandable calculations with integers (HO)
)
\Hy@SavedSpaceFactor=\count394
(/usr/share/texlive/texmf-dist/tex/latex/hyperref/puenc.def
File: puenc.def 2024-01-20 v7.01h Hyperref: PDF Unicode definition (HO)
Now handling font encoding PU ...
... no UTF-8 mapping file for font encoding PU
)
Package hyperref Info: Hyper figures OFF on input line 4179.
Package hyperref Info: Link nesting OFF on input line 4184.
Package hyperref Info: Hyper index ON on input line 4187.
Package hyperref Info: Plain pages OFF on input line 4194.
Package hyperref Info: Backreferencing OFF on input line 4199.
Package hyperref Info: Implicit mode ON; LaTeX internals redefined.
Package hyperref Info: Bookmarks ON on input line 4446.
\c@Hy@tempcnt=\count395
(/usr/share/texlive/texmf-dist/tex/latex/url/url.sty
\Urlmuskip=\muskip17
Package: url 2013/09/16  ver 3.4  Verb mode for urls, etc.
)
LaTeX Info: Redefining \url on input line 4784.
\XeTeXLinkMargin=\dimen362
(/usr/share/texlive/texmf-dist/tex/generic/bitset/bitset.sty
Package: bitset 2019/12/09 v1.3 Handle bit-vector datatype (HO)
(/usr/share/texlive/texmf-dist/tex/generic/bigintcalc/bigintcalc.sty
Package: bigintcalc 2019/12/15 v1.5 Expandable calculations on big integers (HO
)
))
\Fld@menulength=\count396
\Field@Width=\dimen363
\Fld@charsize=\dimen364
Package hyperref Info: Hyper figures OFF on input line 6063.
Package hyperref Info: Link nesting OFF on input line 6068.
Package hyperref Info: Hyper index ON on input line 6071.
Package hyperref Info: backreferencing OFF on input line 6078.
Package hyperref Info: Link coloring OFF on input line 6083.
Package hyperref Info: Link coloring with OCG OFF on input line 6088.
Package hyperref Info: PDF/A mode OFF on input line 6093.
(/usr/share/texlive/texmf-dist/tex/latex/base/atbegshi-ltx.sty
Package: atbegshi-ltx 2021/01/10 v1.0c Emulation of the original atbegshi
package with kernel methods
)
\Hy@abspage=\count397
\c@Item=\count398
\c@Hfootnote=\count399
)
Package hyperref Info: Driver (autodetected): hpdftex.
(/usr/share/texlive/texmf-dist/tex/latex/hyperref/hpdftex.def
File: hpdftex.def 2024-01-20 v7.01h Hyperref driver for pdfTeX
(/usr/share/texlive/texmf-dist/tex/latex/base/atveryend-ltx.sty
Package: atveryend-ltx 2020/08/19 v1.0a Emulation of the original atveryend pac
kage
with kernel methods
)
\HyAnn@Count=\count400
\Fld@listcount=\count401
\c@bookmark@seq@number=\count402
(/usr/share/texlive/texmf-dist/tex/latex/rerunfilecheck/rerunfilecheck.sty
Package: rerunfilecheck 2022-07-10 v1.10 Rerun checks for auxiliary files (HO)
(/usr/share/texlive/texmf-dist/tex/generic/uniquecounter/uniquecounter.sty
Package: uniquecounter 2019/12/15 v1.4 Provide unlimited unique counter (HO)
)
Package uniquecounter Info: New unique counter `rerunfilecheck' on input line 2
85.
)
\Hy@SectionHShift=\skip133
)
Package hyperref Info: Option `colorlinks' set `false' on input line 50.
\c@example=\count403
\c@definition=\count404
\c@exercise=\count405
\c@theorem=\count406
\c@define=\count407
(/usr/share/texlive/texmf-dist/tex/latex/xifthen/xifthen.sty
Package: xifthen 2015/11/05 v1.4.0 Extended ifthen features
(/usr/share/texlive/texmf-dist/tex/latex/ifmtarg/ifmtarg.sty
Package: ifmtarg 2018/04/16 v1.2b check for an empty argument
))
(/usr/share/texlive/texmf-dist/tex/latex/pgf/frontendlayer/libraries/tikzlibrar
yexternal.code.tex
(/usr/share/texlive/texmf-dist/tex/generic/pgf/frontendlayer/tikz/libraries/tik
zexternalshared.code.tex)))
No auxiliary output files.

\w@pgfexternal@auxout=\write5
(/usr/share/texlive/texmf-dist/tex/latex/geometry/geometry.sty
Package: geometry 2020/01/02 v5.9 Page Geometry
(/usr/share/texlive/texmf-dist/tex/generic/iftex/ifvtex.sty
Package: ifvtex 2019/10/25 v1.7 ifvtex legacy package. Use iftex instead.
)
\Gm@cnth=\count408
\Gm@cntv=\count409
\c@Gm@tempcnt=\count410
\Gm@bindingoffset=\dimen365
\Gm@wd@mp=\dimen366
\Gm@odd@mp=\dimen367
\Gm@even@mp=\dimen368
\Gm@layoutwidth=\dimen369
\Gm@layoutheight=\dimen370
\Gm@layouthoffset=\dimen371
\Gm@layoutvoffset=\dimen372
\Gm@dimlist=\toks74
)
LaTeX Font Info:    Trying to load font information for T1+cmss on input line 8
.
(/usr/share/texlive/texmf-dist/tex/latex/base/t1cmss.fd
File: t1cmss.fd 2023/04/13 v2.5m Standard LaTeX font definitions
)
No file figures/tikz/BasiDati-figure20.aux.
LaTeX Font Info:    Checking defaults for OML/cmm/m/it on input line 8.
LaTeX Font Info:    ... okay on input line 8.
LaTeX Font Info:    Checking defaults for OMS/cmsy/m/n on input line 8.
LaTeX Font Info:    ... okay on input line 8.
LaTeX Font Info:    Checking defaults for OT1/cmr/m/n on input line 8.
LaTeX Font Info:    ... okay on input line 8.
LaTeX Font Info:    Checking defaults for T1/cmr/m/n on input line 8.
LaTeX Font Info:    ... okay on input line 8.
LaTeX Font Info:    Checking defaults for TS1/cmr/m/n on input line 8.
LaTeX Font Info:    ... okay on input line 8.
LaTeX Font Info:    Checking defaults for OMX/cmex/m/n on input line 8.
LaTeX Font Info:    ... okay on input line 8.
LaTeX Font Info:    Checking defaults for U/cmr/m/n on input line 8.
LaTeX Font Info:    ... okay on input line 8.
LaTeX Font Info:    Checking defaults for PD1/pdf/m/n on input line 8.
LaTeX Font Info:    ... okay on input line 8.
LaTeX Font Info:    Checking defaults for PU/pdf/m/n on input line 8.
LaTeX Font Info:    ... okay on input line 8.
LaTeX Info: Redefining \it@ocap on input line 8.
LaTeX Info: Redefining \it@ccap on input line 8.
Package caption Info: Begin \AtBeginDocument code.
Package caption Info: float package is loaded.
Package caption Info: hyperref package is loaded.
Package caption Info: listings package is loaded.
Package caption Info: End \AtBeginDocument code.
(/usr/share/texlive/texmf-dist/tex/context/base/mkii/supp-pdf.mkii
[Loading MPS to PDF converter (version 2006.09.02).]
\scratchcounter=\count411
\scratchdimen=\dimen373
\scratchbox=\box112
\nofMPsegments=\count412
\nofMParguments=\count413
\everyMPshowfont=\toks75
\MPscratchCnt=\count414
\MPscratchDim=\dimen374
\MPnumerator=\count415
\makeMPintoPDFobject=\count416
\everyMPtoPDFconversion=\toks76
) (/usr/share/texlive/texmf-dist/tex/latex/epstopdf-pkg/epstopdf-base.sty
Package: epstopdf-base 2020-01-24 v2.11 Base part for package epstopdf
Package epstopdf-base Info: Redefining graphics rule for `.eps' on input line 4
85.
(/usr/share/texlive/texmf-dist/tex/latex/latexconfig/epstopdf-sys.cfg
File: epstopdf-sys.cfg 2010/07/13 v1.3 Configuration of (r)epstopdf for TeX Liv
e
))
\c@lstlisting=\count417
\symgns@font=\mathgroup6
LaTeX Font Info:    Overwriting symbol font `gns@font' in version `bold'
(Font)                  TS1/cmss/m/n --> TS1/cmss/b/n on input line 8.
Package gensymb Info: Math companion symbols declared on input line 8.
LaTeX Info: Redefining \degree on input line 8.
LaTeX Info: Redefining \celsius on input line 8.
Package gensymb Info: Using text companion symbols for \degree, \celsius and \p
erthousand on input line 8.
LaTeX Info: Redefining \ohm on input line 8.
Package gensymb Info: Using \textohm for \ohm on input line 8.
Package gensymb Info: Using \textmu for \micro on input line 8.
Package pgfplots notification 'compat/show suggested version=true': document ha
s been generated with the most recent feature set (\pgfplotsset{compat=1.18}).

\bp@tztpk@file=\write6
\openout6 = `figures/tikz/BasiDati-figure20-tf2zpk.py'.

(/usr/share/texlive/texmf-dist/tex/latex/pdflscape/pdflscape.sty
Package: pdflscape 2022-10-27 v0.13 Display of landscape pages in PDF
(/usr/share/texlive/texmf-dist/tex/latex/pdflscape/pdflscape-nometadata.sty
Package: pdflscape-nometadata 2022-10-28 v0.13 Display of landscape pages in PD
F (HO)
(/usr/share/texlive/texmf-dist/tex/latex/graphics/lscape.sty
Package: lscape 2020/05/28 v3.02 Landscape Pages (DPC)
)
Package pdflscape Info: Auto-detected driver: pdftex on input line 81.
))
\providecommand\hyper@newdestlabel[2]{}
Package hyperref Info: Link coloring OFF on input line 8.
*geometry* driver: auto-detecting
*geometry* detected driver: pdftex
*geometry* verbose mode - [ preamble ] result:
* driver: pdftex
* paper: a4paper
* layout: <same size as paper>
* layoutoffset:(h,v)=(0.0pt,0.0pt)
* modes: 
* h-part:(L,W,R)=(71.13188pt, 455.24411pt, 71.13188pt)
* v-part:(T,H,B)=(71.13188pt, 702.78308pt, 71.13188pt)
* \paperwidth=597.50787pt
* \paperheight=845.04684pt
* \textwidth=455.24411pt
* \textheight=702.78308pt
* \oddsidemargin=-1.1381pt
* \evensidemargin=-1.1381pt
* \topmargin=-38.1381pt
* \headheight=12.0pt
* \headsep=25.0pt
* \topskip=10.0pt
* \footskip=30.0pt
* \marginparwidth=57.0pt
* \marginparsep=11.0pt
* \columnsep=10.0pt
* \skip\footins=9.0pt plus 4.0pt minus 2.0pt
* \hoffset=0.0pt
* \voffset=0.0pt
* \mag=1000
* \@twocolumnfalse
* \@twosidefalse
* \@mparswitchfalse
* \@reversemarginfalse
* (1in=72.27pt=25.4mm, 1cm=28.453pt)

(./title.tex
LaTeX Font Info:    Trying to load font information for TS1+cmss on input line 
22.
(/usr/share/texlive/texmf-dist/tex/latex/base/ts1cmss.fd
File: ts1cmss.fd 2023/04/13 v2.5m Standard LaTeX font definitions
))
No file figures/tikz/BasiDati-figure20.toc.
Package mdframed Info: mdframed detected package amsthm 
 changed the theorem header of amsthm
(mdframed)              on input line 35.
Package mdframed Info: mdframed detected package amsthm 
 changed the theorem header of amsthm
(mdframed)              on input line 51.
LaTeX Font Info:    Trying to load font information for U+zeur on input line 24
4.
(/home/ginkgo/texmf/tex/latex/eulervm/uzeur.fd
File: uzeur.fd 2005/01/11 v4.0 (WaS)
)
LaTeX Font Info:    Trying to load font information for U+zeus on input line 24
4.
(/home/ginkgo/texmf/tex/latex/eulervm/uzeus.fd
File: uzeus.fd 2005/01/11 v4.0 (WaS)
)
LaTeX Font Info:    Trying to load font information for U+zeuex on input line 2
44.
(/home/ginkgo/texmf/tex/latex/eulervm/uzeuex.fd
File: uzeuex.fd 2005/01/11 v4.0 (WaS)
)

LaTeX Warning: Reference `Cardinalità' on page 5 undefined on input line 263.

Package mdframed Info: mdframed detected package amsthm 
 changed the theorem header of amsthm
(mdframed)              on input line 319.
Package mdframed Info: mdframed detected package amsthm 
 changed the theorem header of amsthm
(mdframed)              on input line 372.
Package mdframed Info: Not enough space on this page on input line 396.
Package mdframed Info: mdframed detected package amsthm 
 changed the theorem header of amsthm
(mdframed)              on input line 465.
Package mdframed Info: Not enough space on this page on input line 484.
Package mdframed Info: Not enough space on this page on input line 484.

LaTeX Warning: Reference `Cardinalità' on page 8 undefined on input line 488.

Package mdframed Info: mdframed detected package amsthm 
 changed the theorem header of amsthm
(mdframed)              on input line 653.
Package mdframed Info: mdframed detected package amsthm 
 changed the theorem header of amsthm
(mdframed)              on input line 690.
Package mdframed Info: mdframed detected package amsthm 
 changed the theorem header of amsthm
(mdframed)              on input line 755.
Package mdframed Info: mdframed detected package amsthm 
 changed the theorem header of amsthm
(mdframed)              on input line 777.
Package mdframed Info: mdframed detected package amsthm 
 changed the theorem header of amsthm
(mdframed)              on input line 945.
Package mdframed Info: mdframed detected package amsthm 
 changed the theorem header of amsthm
(mdframed)              on input line 971.
Package mdframed Info: mdframed detected package amsthm 
 changed the theorem header of amsthm
(mdframed)              on input line 1003.

LaTeX Warning: Reference `tab:esempio_relazione' on page 13 undefined on input 
line 1004.

Package mdframed Info: Not enough space on this page on input line 1018.
Package mdframed Info: Not enough space on this page on input line 1018.
Package mdframed Info: mdframed detected package amsthm 
 changed the theorem header of amsthm
(mdframed)              on input line 1030.
Package mdframed Info: mdframed detected package amsthm 
 changed the theorem header of amsthm
(mdframed)              on input line 1061.

LaTeX Warning: Reference `tab:esempio_relazione' on page 14 undefined on input 
line 1062.

<./figures/esempio_relazionale.png, id=7, 1149.29375pt x 377.41pt>
File: ./figures/esempio_relazionale.png Graphic file (type png)
<use ./figures/esempio_relazionale.png>
Package pdftex.def Info: ./figures/esempio_relazionale.png  used on input line 
1117.
(pdftex.def)             Requested size: 455.24411pt x 149.49283pt.
<./figures/esempio_relazionale_decomposto_1.png, id=9, 1161.33875pt x 317.185pt
>
File: ./figures/esempio_relazionale_decomposto_1.png Graphic file (type png)
<use ./figures/esempio_relazionale_decomposto_1.png>
Package pdftex.def Info: ./figures/esempio_relazionale_decomposto_1.png  used o
n input line 1157.
(pdftex.def)             Requested size: 455.24411pt x 124.33566pt.
<./figures/esempio_relazionale_decomposto_2_1.png, id=10, 786.94pt x 415.5525pt
>
File: ./figures/esempio_relazionale_decomposto_2_1.png Graphic file (type png)
<use ./figures/esempio_relazionale_decomposto_2_1.png>
Package pdftex.def Info: ./figures/esempio_relazionale_decomposto_2_1.png  used
 on input line 1174.
(pdftex.def)             Requested size: 273.14923pt x 144.23445pt.
<./figures/esempio_relazionale_decomposto_2_2.png, id=11, 534.99875pt x 251.941
25pt>
File: ./figures/esempio_relazionale_decomposto_2_2.png Graphic file (type png)
<use ./figures/esempio_relazionale_decomposto_2_2.png>
Package pdftex.def Info: ./figures/esempio_relazionale_decomposto_2_2.png  used
 on input line 1179.
(pdftex.def)             Requested size: 273.14923pt x 128.63441pt.
File: ./figures/esempio_relazionale_decomposto_2_1.png Graphic file (type png)
<use ./figures/esempio_relazionale_decomposto_2_1.png>
Package pdftex.def Info: ./figures/esempio_relazionale_decomposto_2_1.png  used
 on input line 1194.
(pdftex.def)             Requested size: 273.14923pt x 144.23445pt.
File: ./figures/esempio_relazionale_decomposto_2_2.png Graphic file (type png)
<use ./figures/esempio_relazionale_decomposto_2_2.png>
Package pdftex.def Info: ./figures/esempio_relazionale_decomposto_2_2.png  used
 on input line 1199.
(pdftex.def)             Requested size: 273.14923pt x 128.63441pt.
<./figures/esempio_relazionale_decomposto_3_1.png, id=12, 709.65125pt x 410.533
75pt>
File: ./figures/esempio_relazionale_decomposto_3_1.png Graphic file (type png)
<use ./figures/esempio_relazionale_decomposto_3_1.png>
Package pdftex.def Info: ./figures/esempio_relazionale_decomposto_3_1.png  used
 on input line 1215.
(pdftex.def)             Requested size: 273.14923pt x 158.02153pt.
<./figures/esempio_relazionale_decomposto_3_2.png, id=13, 596.2275pt x 307.1475
pt>
File: ./figures/esempio_relazionale_decomposto_3_2.png Graphic file (type png)
<use ./figures/esempio_relazionale_decomposto_3_2.png>
Package pdftex.def Info: ./figures/esempio_relazionale_decomposto_3_2.png  used
 on input line 1220.
(pdftex.def)             Requested size: 273.14923pt x 140.71309pt.
<./figures/esempio_relazionale_decomposto_4_1.png, id=14, 602.25pt x 313.17pt>
File: ./figures/esempio_relazionale_decomposto_4_1.png Graphic file (type png)
<use ./figures/esempio_relazionale_decomposto_4_1.png>
Package pdftex.def Info: ./figures/esempio_relazionale_decomposto_4_1.png  used
 on input line 1237.
(pdftex.def)             Requested size: 273.14923pt x 142.04338pt.
<./figures/esempio_relazionale_decomposto_4_2.png, id=15, 528.97626pt x 255.956
25pt>
File: ./figures/esempio_relazionale_decomposto_4_2.png Graphic file (type png)
<use ./figures/esempio_relazionale_decomposto_4_2.png>
Package pdftex.def Info: ./figures/esempio_relazionale_decomposto_4_2.png  used
 on input line 1242.
(pdftex.def)             Requested size: 273.14923pt x 132.16847pt.
<./figures/esempio_relazionale_decomposto_4_3.png, id=16, 341.275pt x 370.38374
pt>
File: ./figures/esempio_relazionale_decomposto_4_3.png Graphic file (type png)
<use ./figures/esempio_relazionale_decomposto_4_3.png>
Package pdftex.def Info: ./figures/esempio_relazionale_decomposto_4_3.png  used
 on input line 1247.
(pdftex.def)             Requested size: 136.57462pt x 148.22433pt.
Package mdframed Info: mdframed detected package amsthm 
 changed the theorem header of amsthm
(mdframed)              on input line 1323.
Package mdframed Info: mdframed detected package amsthm 
 changed the theorem header of amsthm
(mdframed)              on input line 1343.
Package mdframed Info: mdframed detected package amsthm 
 changed the theorem header of amsthm
(mdframed)              on input line 1367.
Package mdframed Info: Not enough space on this page on input line 1370.
Package mdframed Info: Not enough space on this page on input line 1370.
Package mdframed Info: mdframed detected package amsthm 
 changed the theorem header of amsthm
(mdframed)              on input line 1374.

LaTeX Warning: Reference `ex:orario_ferroviario' on page 21 undefined on input 
line 1375.

Package mdframed Info: mdframed detected package amsthm 
 changed the theorem header of amsthm
(mdframed)              on input line 1451.
Package mdframed Info: mdframed detected package amsthm 
 changed the theorem header of amsthm
(mdframed)              on input line 1466.

LaTeX Warning: Reference `ex:orario_ferroviario' on page 22 undefined on input 
line 1467.

Package mdframed Info: mdframed detected package amsthm 
 changed the theorem header of amsthm
(mdframed)              on input line 1488.
Package mdframed Info: mdframed detected package amsthm 
 changed the theorem header of amsthm
(mdframed)              on input line 1513.

LaTeX Warning: Reference `ex:orario_ferroviario' on page 22 undefined on input 
line 1514.

Package mdframed Info: mdframed detected package amsthm 
 changed the theorem header of amsthm
(mdframed)              on input line 1533.

LaTeX Warning: Reference `ex:orario_ferroviario' on page 23 undefined on input 
line 1534.

\openout5 = `figures/tikz/BasiDati-figure20.dpth'.

[23

{/var/lib/texmf/fonts/map/pdftex/updmap/pdftex.map}]
<./figures/diagramma_progettazione_logica.png, id=24, 949.5475pt x 667.49374pt>

File: ./figures/diagramma_progettazione_logica.png Graphic file (type png)
<use ./figures/diagramma_progettazione_logica.png>
Package pdftex.def Info: ./figures/diagramma_progettazione_logica.png  used on 
input line 1570.
(pdftex.def)             Requested size: 364.19667pt x 256.01321pt.
LaTeX Font Info:    Trying to load font information for T1+cmtt on input line 1
628.
(/usr/share/texlive/texmf-dist/tex/latex/base/t1cmtt.fd
File: t1cmtt.fd 2023/04/13 v2.5m Standard LaTeX font definitions
)
Package mdframed Info: mdframed detected package amsthm 
 changed the theorem header of amsthm
(mdframed)              on input line 1631.
<./figures/esempio_accorpamento_nel_padre.png, id=25, 995.72pt x 493.845pt>
File: ./figures/esempio_accorpamento_nel_padre.png Graphic file (type png)
<use ./figures/esempio_accorpamento_nel_padre.png>
Package pdftex.def Info: ./figures/esempio_accorpamento_nel_padre.png  used on 
input line 1635.
(pdftex.def)             Requested size: 309.95645pt x 153.73087pt.
<./figures/esempio_accorpamento_nel_padre_2.png, id=26, 1078.0275pt x 636.3775p
t>
File: ./figures/esempio_accorpamento_nel_padre_2.png Graphic file (type png)
<use ./figures/esempio_accorpamento_nel_padre_2.png>
Package pdftex.def Info: ./figures/esempio_accorpamento_nel_padre_2.png  used o
n input line 1640.
(pdftex.def)             Requested size: 309.95645pt x 182.97166pt.
Package mdframed Info: mdframed detected package amsthm 
 changed the theorem header of amsthm
(mdframed)              on input line 1655.
<./figures/esempio_accorpamento_nel_figlio.png, id=27, 990.70125pt x 463.7325pt
>
File: ./figures/esempio_accorpamento_nel_figlio.png Graphic file (type png)
<use ./figures/esempio_accorpamento_nel_figlio.png>
Package pdftex.def Info: ./figures/esempio_accorpamento_nel_figlio.png  used on
 input line 1659.
(pdftex.def)             Requested size: 309.95645pt x 145.08586pt.
<./figures/esempio_accorpamento_nel_figlio_2.png, id=28, 1094.0875pt x 513.92pt
>
File: ./figures/esempio_accorpamento_nel_figlio_2.png Graphic file (type png)
<use ./figures/esempio_accorpamento_nel_figlio_2.png>
Package pdftex.def Info: ./figures/esempio_accorpamento_nel_figlio_2.png  used 
on input line 1664.
(pdftex.def)             Requested size: 309.95645pt x 145.59044pt.

Package mdframed Warning: You got a bad break
(mdframed)                because the last box will be empty
(mdframed)                you have to change it manually
(mdframed)                by changing the text, the space
(mdframed)                or something else on input line 1667.

Package mdframed Info: mdframed detected package amsthm 
 changed the theorem header of amsthm
(mdframed)              on input line 1676.
<./figures/esempio_accorpamento_entità_relazioni.png, id=29, 993.7125pt x 474.
77374pt>
File: ./figures/esempio_accorpamento_entità_relazioni.png Graphic file (type p
ng)
<use ./figures/esempio_accorpamento_entità_relazioni.png>
Package pdftex.def Info: ./figures/esempio_accorpamento_entità_relazioni.png  
used on input line 1680.
(pdftex.def)             Requested size: 309.95645pt x 148.09114pt.
<./figures/esempio_accorpamento_entità_relazioni_2.png, id=30, 993.7125pt x 52
5.965pt>
File: ./figures/esempio_accorpamento_entità_relazioni_2.png Graphic file (type
 png)
<use ./figures/esempio_accorpamento_entità_relazioni_2.png>
Package pdftex.def Info: ./figures/esempio_accorpamento_entità_relazioni_2.png
  used on input line 1685.
(pdftex.def)             Requested size: 309.95645pt x 164.05867pt.
Package mdframed Info: mdframed detected package amsthm 
 changed the theorem header of amsthm
(mdframed)              on input line 1699.
<./figures/esempio_accorpamento_entità.png, id=31, 1120.185pt x 299.1175pt>
File: ./figures/esempio_accorpamento_entità.png Graphic file (type png)
<use ./figures/esempio_accorpamento_entità.png>
Package pdftex.def Info: ./figures/esempio_accorpamento_entità.png  used on in
put line 1703.
(pdftex.def)             Requested size: 309.95645pt x 82.76646pt.
<./figures/esempio_accorpamento_entità_2.png, id=32, 1128.215pt x 483.8075pt>
File: ./figures/esempio_accorpamento_entità_2.png Graphic file (type png)
<use ./figures/esempio_accorpamento_entità_2.png>
Package pdftex.def Info: ./figures/esempio_accorpamento_entità_2.png  used on 
input line 1708.
(pdftex.def)             Requested size: 309.95645pt x 132.91827pt.
<./figures/regola_traduzione_entità.png, id=33, 1139.25626pt x 536.0025pt>
File: ./figures/regola_traduzione_entità.png Graphic file (type png)
<use ./figures/regola_traduzione_entità.png>
Package pdftex.def Info: ./figures/regola_traduzione_entità.png  used on input
 line 1766.
(pdftex.def)             Requested size: 364.19667pt x 171.34436pt.
<./figures/regola_traduzione_relazione_uno_a_molti.png, id=34, 1135.24126pt x 5
57.08125pt>
File: ./figures/regola_traduzione_relazione_uno_a_molti.png Graphic file (type 
png)
<use ./figures/regola_traduzione_relazione_uno_a_molti.png>
Package pdftex.def Info: ./figures/regola_traduzione_relazione_uno_a_molti.png 
 used on input line 1773.
(pdftex.def)             Requested size: 364.19667pt x 178.72015pt.
<./figures/regola_traduzione_relazione_uno_a_uno.png, id=35, 1135.24126pt x 557
.08125pt>
File: ./figures/regola_traduzione_relazione_uno_a_uno.png Graphic file (type pn
g)
<use ./figures/regola_traduzione_relazione_uno_a_uno.png>
Package pdftex.def Info: ./figures/regola_traduzione_relazione_uno_a_uno.png  u
sed on input line 1780.
(pdftex.def)             Requested size: 364.19667pt x 178.72015pt.
<./figures/regola_traduzione_relazione_molti_a_molti.png, id=36, 1135.24126pt x
 557.08125pt>
File: ./figures/regola_traduzione_relazione_molti_a_molti.png Graphic file (typ
e png)
<use ./figures/regola_traduzione_relazione_molti_a_molti.png>
Package pdftex.def Info: ./figures/regola_traduzione_relazione_molti_a_molti.pn
g  used on input line 1787.
(pdftex.def)             Requested size: 364.19667pt x 178.72015pt.
<./figures/regola_traduzione_relazione_uno_a_molti_con_identificatore_esterno.p
ng, id=37, 1135.24126pt x 557.08125pt>
File: ./figures/regola_traduzione_relazione_uno_a_molti_con_identificatore_este
rno.png Graphic file (type png)
<use ./figures/regola_traduzione_relazione_uno_a_molti_con_identificatore_ester
no.png>
Package pdftex.def Info: ./figures/regola_traduzione_relazione_uno_a_molti_con_
identificatore_esterno.png  used on input line 1794.
(pdftex.def)             Requested size: 364.19667pt x 178.72015pt.
<./figures/regola_traduzione_relazione_uno_a_molti_con_attributo.png, id=38, 11
35.24126pt x 589.20125pt>
File: ./figures/regola_traduzione_relazione_uno_a_molti_con_attributo.png Graph
ic file (type png)
<use ./figures/regola_traduzione_relazione_uno_a_molti_con_attributo.png>
Package pdftex.def Info: ./figures/regola_traduzione_relazione_uno_a_molti_con_
attributo.png  used on input line 1801.
(pdftex.def)             Requested size: 364.19667pt x 189.02473pt.
<./figures/regola_traduzione_relazione_uno_a_uno_con_cardinalità_minima_0.png,
 id=39, 1135.24126pt x 589.20125pt>
File: ./figures/regola_traduzione_relazione_uno_a_uno_con_cardinalità_minima_0
.png Graphic file (type png)
<use ./figures/regola_traduzione_relazione_uno_a_uno_con_cardinalità_minima_0.
png>
Package pdftex.def Info: ./figures/regola_traduzione_relazione_uno_a_uno_con_ca
rdinalità_minima_0.png  used on input line 1808.
(pdftex.def)             Requested size: 364.19667pt x 189.02473pt.
<./figures/regola_traduzione_relazione_uno_a_uno_con_due_cardinalità_minime_0.
png, id=40, 1135.24126pt x 589.20125pt>
File: ./figures/regola_traduzione_relazione_uno_a_uno_con_due_cardinalità_mini
me_0.png Graphic file (type png)
<use ./figures/regola_traduzione_relazione_uno_a_uno_con_due_cardinalità_minim
e_0.png>
Package pdftex.def Info: ./figures/regola_traduzione_relazione_uno_a_uno_con_du
e_cardinalità_minime_0.png  used on input line 1815.
(pdftex.def)             Requested size: 364.19667pt x 189.02473pt.
<./figures/regola_traduzione_relazione_molti_a_molti_con_attributi.png, id=41, 
1135.24126pt x 589.20125pt>
File: ./figures/regola_traduzione_relazione_molti_a_molti_con_attributi.png Gra
phic file (type png)
<use ./figures/regola_traduzione_relazione_molti_a_molti_con_attributi.png>
Package pdftex.def Info: ./figures/regola_traduzione_relazione_molti_a_molti_co
n_attributi.png  used on input line 1822.
(pdftex.def)             Requested size: 364.19667pt x 189.02473pt.
<./figures/regola_traduzione_relazione_molti_a_molti_con_identificatori_da_più
_attributi.png, id=42, 1135.24126pt x 589.20125pt>
File: ./figures/regola_traduzione_relazione_molti_a_molti_con_identificatori_da
_più_attributi.png Graphic file (type png)
<use ./figures/regola_traduzione_relazione_molti_a_molti_con_identificatori_da_
più_attributi.png>
Package pdftex.def Info: ./figures/regola_traduzione_relazione_molti_a_molti_co
n_identificatori_da_più_attributi.png  used on input line 1829.
(pdftex.def)             Requested size: 364.19667pt x 189.02473pt.
<./figures/regola_traduzione_relazione_molti_a_molti_con_relazione_ternaria.png
, id=43, 1135.24126pt x 589.20125pt>
File: ./figures/regola_traduzione_relazione_molti_a_molti_con_relazione_ternari
a.png Graphic file (type png)
<use ./figures/regola_traduzione_relazione_molti_a_molti_con_relazione_ternaria
.png>
Package pdftex.def Info: ./figures/regola_traduzione_relazione_molti_a_molti_co
n_relazione_ternaria.png  used on input line 1836.
(pdftex.def)             Requested size: 364.19667pt x 189.02473pt.
<./figures/regola_traduzione_relazione_molti_a_molti_con_relazione_ternaria_a_c
ardinalità_1_1.png, id=44, 1135.24126pt x 589.20125pt>
File: ./figures/regola_traduzione_relazione_molti_a_molti_con_relazione_ternari
a_a_cardinalità_1_1.png Graphic file (type png)
<use ./figures/regola_traduzione_relazione_molti_a_molti_con_relazione_ternaria
_a_cardinalità_1_1.png>
Package pdftex.def Info: ./figures/regola_traduzione_relazione_molti_a_molti_co
n_relazione_ternaria_a_cardinalità_1_1.png  used on input line 1843.
(pdftex.def)             Requested size: 364.19667pt x 189.02473pt.
Package mdframed Info: mdframed detected package amsthm 
 changed the theorem header of amsthm
(mdframed)              on input line 1897.
<./figures/esempio_documenti_con_riferimenti.png, id=45, 1129.21875pt x 589.201
25pt>
File: ./figures/esempio_documenti_con_riferimenti.png Graphic file (type png)
<use ./figures/esempio_documenti_con_riferimenti.png>
Package pdftex.def Info: ./figures/esempio_documenti_con_riferimenti.png  used 
on input line 1902.
(pdftex.def)             Requested size: 390.99706pt x 204.01186pt.
<./figures/esempio_documenti_con_riferimenti_2.png, id=46, 715.67375pt x 443.65
75pt>
File: ./figures/esempio_documenti_con_riferimenti_2.png Graphic file (type png)

<use ./figures/esempio_documenti_con_riferimenti_2.png>
Package pdftex.def Info: ./figures/esempio_documenti_con_riferimenti_2.png  use
d on input line 1910.
(pdftex.def)             Requested size: 347.55661pt x 215.45795pt.
Package mdframed Info: mdframed detected package amsthm 
 changed the theorem header of amsthm
(mdframed)              on input line 1922.
<./figures/esempio_documenti_normalizzati.png, id=47, 1085.05376pt x 684.5575pt
>
File: ./figures/esempio_documenti_normalizzati.png Graphic file (type png)
<use ./figures/esempio_documenti_normalizzati.png>
Package pdftex.def Info: ./figures/esempio_documenti_normalizzati.png  used on 
input line 1926.
(pdftex.def)             Requested size: 368.49718pt x 232.48532pt.
Package mdframed Info: Not enough space on this page on input line 1929.
Package mdframed Info: Not enough space on this page on input line 1929.
<./figures/struttura_documento_json.png, id=48, 592.2125pt x 324.21124pt>
File: ./figures/struttura_documento_json.png Graphic file (type png)
<use ./figures/struttura_documento_json.png>
Package pdftex.def Info: ./figures/struttura_documento_json.png  used on input 
line 1947.
(pdftex.def)             Requested size: 364.19667pt x 199.38625pt.
Package mdframed Info: mdframed detected package amsthm 
 changed the theorem header of amsthm
(mdframed)              on input line 2005.
<./figures/esempio_etichettatura_entità_principale.png, id=49, 263.98625pt x 1
72.645pt>
File: ./figures/esempio_etichettatura_entità_principale.png Graphic file (type
 png)
<use ./figures/esempio_etichettatura_entità_principale.png>
Package pdftex.def Info: ./figures/esempio_etichettatura_entità_principale.png
  used on input line 2010.
(pdftex.def)             Requested size: 116.2344pt x 76.01671pt.
<./figures/esempio_freccia_incapsulamento.png, id=50, 363.3575pt x 469.755pt>
File: ./figures/esempio_freccia_incapsulamento.png Graphic file (type png)
<use ./figures/esempio_freccia_incapsulamento.png>
Package pdftex.def Info: ./figures/esempio_freccia_incapsulamento.png  used on 
input line 2038.
(pdftex.def)             Requested size: 227.62206pt x 294.2771pt.
<./figures/esempio_incapsulamento_1.png, id=51, 778.91pt x 468.75125pt>
File: ./figures/esempio_incapsulamento_1.png Graphic file (type png)
<use ./figures/esempio_incapsulamento_1.png>
Package pdftex.def Info: ./figures/esempio_incapsulamento_1.png  used on input 
line 2050.
(pdftex.def)             Requested size: 227.62206pt x 136.97865pt.
<./figures/esempio_incapsulamento_2.png, id=52, 350.30875pt x 493.845pt>
File: ./figures/esempio_incapsulamento_2.png Graphic file (type png)
<use ./figures/esempio_incapsulamento_2.png>
Package pdftex.def Info: ./figures/esempio_incapsulamento_2.png  used on input 
line 2063.
(pdftex.def)             Requested size: 227.62206pt x 320.89748pt.
<./figures/esempio_incapsulamento_3.png, id=53, 350.30875pt x 493.845pt>
File: ./figures/esempio_incapsulamento_3.png Graphic file (type png)
<use ./figures/esempio_incapsulamento_3.png>
Package pdftex.def Info: ./figures/esempio_incapsulamento_3.png  used on input 
line 2077.
(pdftex.def)             Requested size: 227.62206pt x 320.89748pt.
<./figures/esempio_incapsulamento_4.png, id=54, 376.40625pt x 493.845pt>
File: ./figures/esempio_incapsulamento_4.png Graphic file (type png)
<use ./figures/esempio_incapsulamento_4.png>
Package pdftex.def Info: ./figures/esempio_incapsulamento_4.png  used on input 
line 2091.
(pdftex.def)             Requested size: 227.62206pt x 298.64526pt.
<./figures/esempio_incapsulamento_5.png, id=55, 809.0225pt x 482.80376pt>
File: ./figures/esempio_incapsulamento_5.png Graphic file (type png)
<use ./figures/esempio_incapsulamento_5.png>
Package pdftex.def Info: ./figures/esempio_incapsulamento_5.png  used on input 
line 2106.
(pdftex.def)             Requested size: 227.62206pt x 135.83243pt.
<./figures/esempio_etichettatura.png, id=56, 1101.11375pt x 548.0475pt>
File: ./figures/esempio_etichettatura.png Graphic file (type png)
<use ./figures/esempio_etichettatura.png>
Package pdftex.def Info: ./figures/esempio_etichettatura.png  used on input lin
e 2143.
(pdftex.def)             Requested size: 318.66948pt x 158.60356pt.
<./figures/caso_particolare_etichettatura_1.png, id=57, 1001.7425pt x 577.15625
pt>
File: ./figures/caso_particolare_etichettatura_1.png Graphic file (type png)
<use ./figures/caso_particolare_etichettatura_1.png>
Package pdftex.def Info: ./figures/caso_particolare_etichettatura_1.png  used o
n input line 2154.
(pdftex.def)             Requested size: 318.66948pt x 183.60173pt.
<./figures/caso_particolare_etichettatura_2.png, id=58, 1097.09875pt x 555.0737
5pt>
File: ./figures/caso_particolare_etichettatura_2.png Graphic file (type png)
<use ./figures/caso_particolare_etichettatura_2.png>
Package pdftex.def Info: ./figures/caso_particolare_etichettatura_2.png  used o
n input line 2164.
(pdftex.def)             Requested size: 318.66948pt x 161.22981pt.
<./figures/traduzione_etichettata_1.png, id=59, 885.3075pt x 373.395pt>
File: ./figures/traduzione_etichettata_1.png Graphic file (type png)
<use ./figures/traduzione_etichettata_1.png>
Package pdftex.def Info: ./figures/traduzione_etichettata_1.png  used on input 
line 2176.
(pdftex.def)             Requested size: 364.19667pt x 153.60571pt.
<./figures/esempio_traduzione_etichettata_1.png, id=60, 1128.215pt x 470.75874p
t>
File: ./figures/esempio_traduzione_etichettata_1.png Graphic file (type png)
<use ./figures/esempio_traduzione_etichettata_1.png>
Package pdftex.def Info: ./figures/esempio_traduzione_etichettata_1.png  used o
n input line 2202.
(pdftex.def)             Requested size: 409.71692pt x 170.95993pt.
Package mdframed Info: mdframed detected package amsthm 
 changed the theorem header of amsthm
(mdframed)              on input line 2206.
<./figures/esempio_traduzione_etichettata_1_2.png, id=61, 955.57pt x 447.6725pt
>
File: ./figures/esempio_traduzione_etichettata_1_2.png Graphic file (type png)
<use ./figures/esempio_traduzione_etichettata_1_2.png>
Package pdftex.def Info: ./figures/esempio_traduzione_etichettata_1_2.png  used
 on input line 2210.
(pdftex.def)             Requested size: 368.74413pt x 172.74722pt.
<./figures/esempio_traduzione_etichettata_2.png, id=62, 1067.99pt x 466.74374pt
>
File: ./figures/esempio_traduzione_etichettata_2.png Graphic file (type png)
<use ./figures/esempio_traduzione_etichettata_2.png>
Package pdftex.def Info: ./figures/esempio_traduzione_etichettata_2.png  used o
n input line 2221.
(pdftex.def)             Requested size: 409.71692pt x 179.05948pt.
<./figures/esempio_traduzione_etichettata_3.png, id=63, 1098.1025pt x 504.88625
pt>
File: ./figures/esempio_traduzione_etichettata_3.png Graphic file (type png)
<use ./figures/esempio_traduzione_etichettata_3.png>
Package pdftex.def Info: ./figures/esempio_traduzione_etichettata_3.png  used o
n input line 2234.
(pdftex.def)             Requested size: 409.71692pt x 188.37657pt.
<./figures/esempio_traduzione_etichettata_4.png, id=64, 1098.1025pt x 529.98pt>

File: ./figures/esempio_traduzione_etichettata_4.png Graphic file (type png)
<use ./figures/esempio_traduzione_etichettata_4.png>
Package pdftex.def Info: ./figures/esempio_traduzione_etichettata_4.png  used o
n input line 2244.
(pdftex.def)             Requested size: 409.71692pt x 197.73923pt.
<./figures/esempio_traduzione_etichettata_5.png, id=65, 1195.46625pt x 501.875p
t>
File: ./figures/esempio_traduzione_etichettata_5.png Graphic file (type png)
<use ./figures/esempio_traduzione_etichettata_5.png>
Package pdftex.def Info: ./figures/esempio_traduzione_etichettata_5.png  used o
n input line 2257.
(pdftex.def)             Requested size: 409.71692pt x 172.00601pt.
<./figures/esempio_traduzione_etichettata_6.png, id=66, 1195.46625pt x 501.875p
t>
File: ./figures/esempio_traduzione_etichettata_6.png Graphic file (type png)
<use ./figures/esempio_traduzione_etichettata_6.png>
Package pdftex.def Info: ./figures/esempio_traduzione_etichettata_6.png  used o
n input line 2267.
(pdftex.def)             Requested size: 409.71692pt x 172.00601pt.
<./figures/esempio_traduzione_etichettata_7.png, id=67, 1195.46625pt x 503.8825
pt>
File: ./figures/esempio_traduzione_etichettata_7.png Graphic file (type png)
<use ./figures/esempio_traduzione_etichettata_7.png>
Package pdftex.def Info: ./figures/esempio_traduzione_etichettata_7.png  used o
n input line 2278.
(pdftex.def)             Requested size: 409.71692pt x 172.69405pt.
Package mdframed Info: mdframed detected package amsthm 
 changed the theorem header of amsthm
(mdframed)              on input line 2281.
<./figures/esempio_traduzione_etichettata_7_2.png, id=68, 1195.46625pt x 632.36
25pt>
File: ./figures/esempio_traduzione_etichettata_7_2.png Graphic file (type png)
<use ./figures/esempio_traduzione_etichettata_7_2.png>
Package pdftex.def Info: ./figures/esempio_traduzione_etichettata_7_2.png  used
 on input line 2285.
(pdftex.def)             Requested size: 387.44409pt x 204.94608pt.
<./figures/esempio_traduzione_etichettata_7_3.png, id=69, 1195.46625pt x 653.44
125pt>
File: ./figures/esempio_traduzione_etichettata_7_3.png Graphic file (type png)
<use ./figures/esempio_traduzione_etichettata_7_3.png>
Package pdftex.def Info: ./figures/esempio_traduzione_etichettata_7_3.png  used
 on input line 2294.
(pdftex.def)             Requested size: 387.44409pt x 211.77762pt.
Package mdframed Info: Not enough space on this page on input line 2297.
<./figures/esempio_traduzione_etichettata_8.png, id=70, 1195.46625pt x 596.2275
pt>
File: ./figures/esempio_traduzione_etichettata_8.png Graphic file (type png)
<use ./figures/esempio_traduzione_etichettata_8.png>
Package pdftex.def Info: ./figures/esempio_traduzione_etichettata_8.png  used o
n input line 2306.
(pdftex.def)             Requested size: 409.71692pt x 204.34315pt.
Package mdframed Info: mdframed detected package amsthm 
 changed the theorem header of amsthm
(mdframed)              on input line 2309.
<./figures/esempio_traduzione_etichettata_8_2.png, id=71, 1195.46625pt x 675.52
374pt>
File: ./figures/esempio_traduzione_etichettata_8_2.png Graphic file (type png)
<use ./figures/esempio_traduzione_etichettata_8_2.png>
Package pdftex.def Info: ./figures/esempio_traduzione_etichettata_8_2.png  used
 on input line 2313.
(pdftex.def)             Requested size: 368.74413pt x 208.36913pt.
<./figures/esempio_traduzione_etichettata_9.png, id=72, 1195.46625pt x 635.3737
5pt>
File: ./figures/esempio_traduzione_etichettata_9.png Graphic file (type png)
<use ./figures/esempio_traduzione_etichettata_9.png>
Package pdftex.def Info: ./figures/esempio_traduzione_etichettata_9.png  used o
n input line 2323.
(pdftex.def)             Requested size: 409.71692pt x 217.75961pt.
<./figures/esempio_traduzione_etichettata_10.png, id=73, 1195.46625pt x 593.216
25pt>
File: ./figures/esempio_traduzione_etichettata_10.png Graphic file (type png)
<use ./figures/esempio_traduzione_etichettata_10.png>
Package pdftex.def Info: ./figures/esempio_traduzione_etichettata_10.png  used 
on input line 2335.
(pdftex.def)             Requested size: 409.71692pt x 203.31111pt.
<./figures/esempio_traduzione_etichettata_11.png, id=74, 1195.46625pt x 593.216
25pt>
File: ./figures/esempio_traduzione_etichettata_11.png Graphic file (type png)
<use ./figures/esempio_traduzione_etichettata_11.png>
Package pdftex.def Info: ./figures/esempio_traduzione_etichettata_11.png  used 
on input line 2344.
(pdftex.def)             Requested size: 409.71692pt x 203.31111pt.
<./figures/operatore_intersezione.png, id=75, 1108.14pt x 389.455pt>
File: ./figures/operatore_intersezione.png Graphic file (type png)
<use ./figures/operatore_intersezione.png>
Package pdftex.def Info: ./figures/operatore_intersezione.png  used on input li
ne 2458.
(pdftex.def)             Requested size: 318.66948pt x 111.99417pt.
Package mdframed Info: mdframed detected package amsthm 
 changed the theorem header of amsthm
(mdframed)              on input line 2504.
Package mdframed Info: mdframed detected package amsthm 
 changed the theorem header of amsthm
(mdframed)              on input line 2558.
Package mdframed Info: Not enough space on this page on input line 2576.
Package mdframed Info: Not enough space on this page on input line 2576.
Package mdframed Info: mdframed detected package amsthm 
 changed the theorem header of amsthm
(mdframed)              on input line 2593.
<./figures/operatore_join_naturale.png, id=76, 920.43875pt x 111.41624pt>
File: ./figures/operatore_join_naturale.png Graphic file (type png)
<use ./figures/operatore_join_naturale.png>
Package pdftex.def Info: ./figures/operatore_join_naturale.png  used on input l
ine 2643.
(pdftex.def)             Requested size: 409.71692pt x 49.59622pt.
Package mdframed Info: mdframed detected package amsthm 
 changed the theorem header of amsthm
(mdframed)              on input line 2684.
Package mdframed Info: mdframed detected package amsthm 
 changed the theorem header of amsthm
(mdframed)              on input line 2771.
<./figures/ottimizzazione_dml.png, id=77, 1102.1175pt x 520.94624pt>
File: ./figures/ottimizzazione_dml.png Graphic file (type png)
<use ./figures/ottimizzazione_dml.png>
Package pdftex.def Info: ./figures/ottimizzazione_dml.png  used on input line 2
876.
(pdftex.def)             Requested size: 409.71692pt x 193.66122pt.
Package mdframed Info: mdframed detected package amsthm 
 changed the theorem header of amsthm
(mdframed)              on input line 2990.
Package mdframed Info: mdframed detected package amsthm 
 changed the theorem header of amsthm
(mdframed)              on input line 2995.
<./figures/corrispondenza_sql_calcolo_relaionale.png, id=78, 593.21625pt x 115.
43124pt>
File: ./figures/corrispondenza_sql_calcolo_relaionale.png Graphic file (type pn
g)
<use ./figures/corrispondenza_sql_calcolo_relaionale.png>
Package pdftex.def Info: ./figures/corrispondenza_sql_calcolo_relaionale.png  u
sed on input line 3181.
(pdftex.def)             Requested size: 409.71692pt x 79.7269pt.
Package mdframed Info: mdframed detected package amsthm 
 changed the theorem header of amsthm
(mdframed)              on input line 3183.
Package mdframed Info: mdframed detected package amsthm 
 changed the theorem header of amsthm
(mdframed)              on input line 3255.
Package mdframed Info: mdframed detected package amsthm 
 changed the theorem header of amsthm
(mdframed)              on input line 3308.
<./figures/interrogazione_mongodb.png, id=79, 1029.8475pt x 619.31375pt>
File: ./figures/interrogazione_mongodb.png Graphic file (type png)
<use ./figures/interrogazione_mongodb.png>
Package pdftex.def Info: ./figures/interrogazione_mongodb.png  used on input li
ne 3313.
(pdftex.def)             Requested size: 390.99706pt x 235.12431pt.
Package mdframed Info: mdframed detected package amsthm 
 changed the theorem header of amsthm
(mdframed)              on input line 3410.
Package mdframed Info: mdframed detected package amsthm 
 changed the theorem header of amsthm
(mdframed)              on input line 3446.
Package mdframed Info: mdframed detected package amsthm 
 changed the theorem header of amsthm
(mdframed)              on input line 3465.
Package mdframed Info: mdframed detected package amsthm 
 changed the theorem header of amsthm
(mdframed)              on input line 3498.
<./figures/schema_mongodb_join.png, id=80, 450.68375pt x 566.115pt>
File: ./figures/schema_mongodb_join.png Graphic file (type png)
<use ./figures/schema_mongodb_join.png>
Package pdftex.def Info: ./figures/schema_mongodb_join.png  used on input line 
3502.
(pdftex.def)             Requested size: 260.66911pt x 327.44855pt.
<./figures/join_mongodb.png, id=81, 568.1225pt x 402.50375pt>
File: ./figures/join_mongodb.png Graphic file (type png)
<use ./figures/join_mongodb.png>
Package pdftex.def Info: ./figures/join_mongodb.png  used on input line 3509.
(pdftex.def)             Requested size: 260.66911pt x 184.6872pt.
<./figures/risultato_join_mongodb.png, id=82, 601.24625pt x 479.7925pt>
File: ./figures/risultato_join_mongodb.png Graphic file (type png)
<use ./figures/risultato_join_mongodb.png>
Package pdftex.def Info: ./figures/risultato_join_mongodb.png  used on input li
ne 3516.
(pdftex.def)             Requested size: 260.66911pt x 208.01987pt.
Package mdframed Info: mdframed detected package amsthm 
 changed the theorem header of amsthm
(mdframed)              on input line 3525.
 ***********
LaTeX2e <2023-11-01> patch level 1
L3 programming layer <2024-01-22>
 ***********

LaTeX Warning: There were undefined references.

 ) 
Here is how much of TeX's memory you used:
 68817 strings out of 476171
 1766387 string characters out of 5795119
 2790781 words of memory out of 5000000
 89940 multiletter control sequences out of 15000+600000
 577380 words of font info for 77 fonts, out of 8000000 for 9000
 14 hyphenation exceptions out of 8191
 123i,15n,121p,1652b,1478s stack positions out of 10000i,1000n,20000p,200000b,200000s
 </home/ginkgo/.texlive2023/texmf-var/fonts/pk/ljfour/jknappen/ec/ecss1000.60
0pk></usr/share/texlive/texmf-dist/fonts/type1/public/amsfonts/euler/eufm10.pfb
></usr/share/texlive/texmf-dist/fonts/type1/public/amsfonts/euler/eurm10.pfb>
Output written on figures/tikz/BasiDati-figure20.pdf (1 page, 14518 bytes).
PDF statistics:
 107 PDF objects out of 1000 (max. 8388607)
 21 compressed objects within 1 object stream
 1 named destinations out of 1000 (max. 500000)
 353 words of extra memory for PDF output out of 10000 (max. 10000000)

